{
  "version": "1.5.0",
  "plugins_used": [
    {
      "name": "ArtifactoryDetector"
    },
    {
      "name": "AWSKeyDetector"
    },
    {
      "name": "AzureStorageKeyDetector"
    },
    {
      "name": "Base64HighEntropyString",
      "limit": 4.5
    },
    {
      "name": "BasicAuthDetector"
    },
    {
      "name": "CloudantDetector"
    },
    {
      "name": "DiscordBotTokenDetector"
    },
    {
      "name": "GitHubTokenDetector"
    },
    {
      "name": "GitLabTokenDetector"
    },
    {
      "name": "HexHighEntropyString",
      "limit": 3.0
    },
    {
      "name": "IbmCloudIamDetector"
    },
    {
      "name": "IbmCosHmacDetector"
    },
    {
      "name": "IPPublicDetector"
    },
    {
      "name": "JwtTokenDetector"
    },
    {
      "name": "KeywordDetector",
      "keyword_exclude": ""
    },
    {
      "name": "MailchimpDetector"
    },
    {
      "name": "NpmDetector"
    },
    {
      "name": "OpenAIDetector"
    },
    {
      "name": "PrivateKeyDetector"
    },
    {
      "name": "PypiTokenDetector"
    },
    {
      "name": "SendGridDetector"
    },
    {
      "name": "SlackDetector"
    },
    {
      "name": "SoftlayerDetector"
    },
    {
      "name": "SquareOAuthDetector"
    },
    {
      "name": "StripeDetector"
    },
    {
      "name": "TelegramBotTokenDetector"
    },
    {
      "name": "TwilioKeyDetector"
    }
  ],
  "filters_used": [
    {
      "path": "detect_secrets.filters.allowlist.is_line_allowlisted"
    },
    {
      "path": "detect_secrets.filters.common.is_baseline_file",
      "filename": ".secrets.baseline"
    },
    {
      "path": "detect_secrets.filters.common.is_ignored_due_to_verification_policies",
      "min_level": 2
    },
    {
      "path": "detect_secrets.filters.heuristic.is_indirect_reference"
    },
    {
      "path": "detect_secrets.filters.heuristic.is_likely_id_string"
    },
    {
      "path": "detect_secrets.filters.heuristic.is_lock_file"
    },
    {
      "path": "detect_secrets.filters.heuristic.is_not_alphanumeric_string"
    },
    {
      "path": "detect_secrets.filters.heuristic.is_potential_uuid"
    },
    {
      "path": "detect_secrets.filters.heuristic.is_prefixed_with_dollar_sign"
    },
    {
      "path": "detect_secrets.filters.heuristic.is_sequential_string"
    },
    {
      "path": "detect_secrets.filters.heuristic.is_swagger_file"
    },
    {
      "path": "detect_secrets.filters.heuristic.is_templated_secret"
    },
    {
      "path": "detect_secrets.filters.regex.should_exclude_file",
      "pattern": [
        "(?x)(.*\\.lock$|package-lock\\.json$|bun\\.lockb$|.*\\.ipynb$|Data/.*|Results/.*|test_env/.*)"
      ]
    }
  ],
  "results": {
    "App/frontend/tsconfig.tsbuildinfo": [
      {
        "type": "Hex High Entropy String",
        "filename": "App/frontend/tsconfig.tsbuildinfo",
        "hashed_secret": "012dec6d159115ce215c83693b156491cf372ddc",
        "is_verified": false,
        "line_number": 1
      },
      {
        "type": "Hex High Entropy String",
        "filename": "App/frontend/tsconfig.tsbuildinfo",
        "hashed_secret": "0130bc2eacd9ab85eebdfef0a188e399ca29cb88",
        "is_verified": false,
        "line_number": 1
      },
      {
        "type": "Hex High Entropy String",
        "filename": "App/frontend/tsconfig.tsbuildinfo",
        "hashed_secret": "01a5dd1cdf7578d466e679ccb2552336d5362a4a",
        "is_verified": false,
        "line_number": 1
      },
      {
        "type": "Hex High Entropy String",
        "filename": "App/frontend/tsconfig.tsbuildinfo",
        "hashed_secret": "0334190c7f27ec188d2af2085033db84d2dd4c9e",
        "is_verified": false,
        "line_number": 1
      },
      {
        "type": "Hex High Entropy String",
        "filename": "App/frontend/tsconfig.tsbuildinfo",
        "hashed_secret": "035616abefa81985df899f11d5da64e1241d4195",
        "is_verified": false,
        "line_number": 1
      },
      {
        "type": "Hex High Entropy String",
        "filename": "App/frontend/tsconfig.tsbuildinfo",
        "hashed_secret": "03ec2ace19f80bf0cbe8bb9a5534a6fdcdb7c27e",
        "is_verified": false,
        "line_number": 1
      },
      {
        "type": "Hex High Entropy String",
        "filename": "App/frontend/tsconfig.tsbuildinfo",
        "hashed_secret": "04c399b92c986f3436eafc13e6d59246533d658e",
        "is_verified": false,
        "line_number": 1
      },
      {
        "type": "Hex High Entropy String",
        "filename": "App/frontend/tsconfig.tsbuildinfo",
        "hashed_secret": "067aa6692a833367538955280694cf63c8a5fec3",
        "is_verified": false,
        "line_number": 1
      },
      {
        "type": "Hex High Entropy String",
        "filename": "App/frontend/tsconfig.tsbuildinfo",
        "hashed_secret": "068905abbf11bc9c6c5bdf7765b863a3eb7df7dd",
        "is_verified": false,
        "line_number": 1
      },
      {
        "type": "Hex High Entropy String",
        "filename": "App/frontend/tsconfig.tsbuildinfo",
        "hashed_secret": "06e45ed885863f85e831370a193e80cad059e5c8",
        "is_verified": false,
        "line_number": 1
      },
      {
        "type": "Hex High Entropy String",
        "filename": "App/frontend/tsconfig.tsbuildinfo",
        "hashed_secret": "081092d963a8429c6ff388b812c93d90c008164e",
        "is_verified": false,
        "line_number": 1
      },
      {
        "type": "Hex High Entropy String",
        "filename": "App/frontend/tsconfig.tsbuildinfo",
        "hashed_secret": "09fffbe96660d6a01de356bafeb494bb2aadc8ee",
        "is_verified": false,
        "line_number": 1
      },
      {
        "type": "Hex High Entropy String",
        "filename": "App/frontend/tsconfig.tsbuildinfo",
        "hashed_secret": "0c732b91d70f72300279a6cef6a96bf6cd44f64c",
        "is_verified": false,
        "line_number": 1
      },
      {
        "type": "Hex High Entropy String",
        "filename": "App/frontend/tsconfig.tsbuildinfo",
        "hashed_secret": "0d161b7e852eec738eaf368a721ef1a6efaa5575",
        "is_verified": false,
        "line_number": 1
      },
      {
        "type": "Hex High Entropy String",
        "filename": "App/frontend/tsconfig.tsbuildinfo",
        "hashed_secret": "0d27cacb81e4d9de675570084b57212a53501377",
        "is_verified": false,
        "line_number": 1
      },
      {
        "type": "Hex High Entropy String",
        "filename": "App/frontend/tsconfig.tsbuildinfo",
        "hashed_secret": "0ebfe684b6b6eed17d99da1cd60f909974ac5b59",
        "is_verified": false,
        "line_number": 1
      },
      {
        "type": "Hex High Entropy String",
        "filename": "App/frontend/tsconfig.tsbuildinfo",
        "hashed_secret": "0ed96c492f03f8df3698f60978f19b31fbe979f7",
        "is_verified": false,
        "line_number": 1
      },
      {
        "type": "Hex High Entropy String",
        "filename": "App/frontend/tsconfig.tsbuildinfo",
        "hashed_secret": "0f10c535e99824c201622e5b1c77035f0951fde3",
        "is_verified": false,
        "line_number": 1
      },
      {
        "type": "Hex High Entropy String",
        "filename": "App/frontend/tsconfig.tsbuildinfo",
        "hashed_secret": "0f9a71172291ab7563b83ed51d844c8c2c750e0b",
        "is_verified": false,
        "line_number": 1
      },
      {
        "type": "Hex High Entropy String",
        "filename": "App/frontend/tsconfig.tsbuildinfo",
        "hashed_secret": "106ec9de6d3f7984ffca38a7cdbcf009e9830bf3",
        "is_verified": false,
        "line_number": 1
      },
      {
        "type": "Hex High Entropy String",
        "filename": "App/frontend/tsconfig.tsbuildinfo",
        "hashed_secret": "1073f645c57ebc20e6bf5cc62db8bc3513a05a60",
        "is_verified": false,
        "line_number": 1
      },
      {
        "type": "Hex High Entropy String",
        "filename": "App/frontend/tsconfig.tsbuildinfo",
        "hashed_secret": "11b94f3ac698c55074fe4f514eb89ec5c411447f",
        "is_verified": false,
        "line_number": 1
      },
      {
        "type": "Hex High Entropy String",
        "filename": "App/frontend/tsconfig.tsbuildinfo",
        "hashed_secret": "120ddfe96404f912e8a09d0eab43d47ae613d710",
        "is_verified": false,
        "line_number": 1
      },
      {
        "type": "Hex High Entropy String",
        "filename": "App/frontend/tsconfig.tsbuildinfo",
        "hashed_secret": "12e7cbe47e61ddf2e5cabb5e4f3ffb44d3c07c5e",
        "is_verified": false,
        "line_number": 1
      },
      {
        "type": "Hex High Entropy String",
        "filename": "App/frontend/tsconfig.tsbuildinfo",
        "hashed_secret": "1503f932fcf7e0fbdb4ace84d79623cad3760b40",
        "is_verified": false,
        "line_number": 1
      },
      {
        "type": "Hex High Entropy String",
        "filename": "App/frontend/tsconfig.tsbuildinfo",
        "hashed_secret": "15236d809d050cfeb8154ba575c71b8870de759d",
        "is_verified": false,
        "line_number": 1
      },
      {
        "type": "Hex High Entropy String",
        "filename": "App/frontend/tsconfig.tsbuildinfo",
        "hashed_secret": "154db74aa59bcdfc5d7a0ca9b9178140d33e9863",
        "is_verified": false,
        "line_number": 1
      },
      {
        "type": "Hex High Entropy String",
        "filename": "App/frontend/tsconfig.tsbuildinfo",
        "hashed_secret": "1677ae7077a2701ad4623d76b93ac5ac837d61ff",
        "is_verified": false,
        "line_number": 1
      },
      {
        "type": "Hex High Entropy String",
        "filename": "App/frontend/tsconfig.tsbuildinfo",
        "hashed_secret": "174ae812e7f4566a204fd81a3186d35e6e9eca41",
        "is_verified": false,
        "line_number": 1
      },
      {
        "type": "Hex High Entropy String",
        "filename": "App/frontend/tsconfig.tsbuildinfo",
        "hashed_secret": "17a548a953954eda6ecea290b90e073f5f02f5db",
        "is_verified": false,
        "line_number": 1
      },
      {
        "type": "Hex High Entropy String",
        "filename": "App/frontend/tsconfig.tsbuildinfo",
        "hashed_secret": "18a88ba9252d46ffa59ecde6d26de21d77058957",
        "is_verified": false,
        "line_number": 1
      },
      {
        "type": "Hex High Entropy String",
        "filename": "App/frontend/tsconfig.tsbuildinfo",
        "hashed_secret": "18ef35ce7c46d293810e92fb00ef1f615e43a6ef",
        "is_verified": false,
        "line_number": 1
      },
      {
        "type": "Hex High Entropy String",
        "filename": "App/frontend/tsconfig.tsbuildinfo",
        "hashed_secret": "1a22a7eba88a63f62c11e934c994acffee552f0a",
        "is_verified": false,
        "line_number": 1
      },
      {
        "type": "Hex High Entropy String",
        "filename": "App/frontend/tsconfig.tsbuildinfo",
        "hashed_secret": "1a9f5df43c032a710682ecf149dc52ef1bbee74c",
        "is_verified": false,
        "line_number": 1
      },
      {
        "type": "Hex High Entropy String",
        "filename": "App/frontend/tsconfig.tsbuildinfo",
        "hashed_secret": "1b9a9def21bb17f5fd8ecc640172726db3a01655",
        "is_verified": false,
        "line_number": 1
      },
      {
        "type": "Hex High Entropy String",
        "filename": "App/frontend/tsconfig.tsbuildinfo",
        "hashed_secret": "1c2d38546389f722171475f81048ffc2d554fbfa",
        "is_verified": false,
        "line_number": 1
      },
      {
        "type": "Hex High Entropy String",
        "filename": "App/frontend/tsconfig.tsbuildinfo",
        "hashed_secret": "1c32674b6e225de7917e987d6ef1297a00294aa2",
        "is_verified": false,
        "line_number": 1
      },
      {
        "type": "Hex High Entropy String",
        "filename": "App/frontend/tsconfig.tsbuildinfo",
        "hashed_secret": "1c456f7e98645cc2acce1a74b3e22e4988a1496b",
        "is_verified": false,
        "line_number": 1
      },
      {
        "type": "Hex High Entropy String",
        "filename": "App/frontend/tsconfig.tsbuildinfo",
        "hashed_secret": "1cc82c749229d198a3f15bfc4e71cba06d44a408",
        "is_verified": false,
        "line_number": 1
      },
      {
        "type": "Hex High Entropy String",
        "filename": "App/frontend/tsconfig.tsbuildinfo",
        "hashed_secret": "1d3cdcd58729fa8af83275b376bea51195f5900d",
        "is_verified": false,
        "line_number": 1
      },
      {
        "type": "Hex High Entropy String",
        "filename": "App/frontend/tsconfig.tsbuildinfo",
        "hashed_secret": "1d70a543fe8c8fac9c8bdee6edda054ce44b2248",
        "is_verified": false,
        "line_number": 1
      },
      {
        "type": "Hex High Entropy String",
        "filename": "App/frontend/tsconfig.tsbuildinfo",
        "hashed_secret": "1e0574c5a284f112999d777d5f4cbe00146f3ef4",
        "is_verified": false,
        "line_number": 1
      },
      {
        "type": "Hex High Entropy String",
        "filename": "App/frontend/tsconfig.tsbuildinfo",
        "hashed_secret": "1f36d7acff55a3609524434aa55e1c1b71297603",
        "is_verified": false,
        "line_number": 1
      },
      {
        "type": "Hex High Entropy String",
        "filename": "App/frontend/tsconfig.tsbuildinfo",
        "hashed_secret": "1f500f164e5d8b0785a7566443a85a401f79459e",
        "is_verified": false,
        "line_number": 1
      },
      {
        "type": "Hex High Entropy String",
        "filename": "App/frontend/tsconfig.tsbuildinfo",
        "hashed_secret": "1f5d1b982c24f4b4ed56f87151b81f146b9994b1",
        "is_verified": false,
        "line_number": 1
      },
      {
        "type": "Hex High Entropy String",
        "filename": "App/frontend/tsconfig.tsbuildinfo",
        "hashed_secret": "201d4fe6038f180de29bd9a5335f4232b02b789e",
        "is_verified": false,
        "line_number": 1
      },
      {
        "type": "Hex High Entropy String",
        "filename": "App/frontend/tsconfig.tsbuildinfo",
        "hashed_secret": "206137ba0330b5c38ab7408cf6517679e9dfa735",
        "is_verified": false,
        "line_number": 1
      },
      {
        "type": "Hex High Entropy String",
        "filename": "App/frontend/tsconfig.tsbuildinfo",
        "hashed_secret": "22d3a3d60b8596659c032086e7b1a4a6ca09f1fc",
        "is_verified": false,
        "line_number": 1
      },
      {
        "type": "Hex High Entropy String",
        "filename": "App/frontend/tsconfig.tsbuildinfo",
        "hashed_secret": "23669375475cd157cbad441af85f33b62583e774",
        "is_verified": false,
        "line_number": 1
      },
      {
        "type": "Hex High Entropy String",
        "filename": "App/frontend/tsconfig.tsbuildinfo",
        "hashed_secret": "244f421f896bdcdd2784dccf4eaf7c8dfd5189b5",
        "is_verified": false,
        "line_number": 1
      },
      {
        "type": "Hex High Entropy String",
        "filename": "App/frontend/tsconfig.tsbuildinfo",
        "hashed_secret": "248d7e5e70ae0dcd7db71f1e7115ab827098c8ae",
        "is_verified": false,
        "line_number": 1
      },
      {
        "type": "Hex High Entropy String",
        "filename": "App/frontend/tsconfig.tsbuildinfo",
        "hashed_secret": "25f98fe940151afdc27e36f2a1e8fac081d1f8b1",
        "is_verified": false,
        "line_number": 1
      },
      {
        "type": "Hex High Entropy String",
        "filename": "App/frontend/tsconfig.tsbuildinfo",
        "hashed_secret": "2634d0e32379b41440283e266def8351570623d6",
        "is_verified": false,
        "line_number": 1
      },
      {
        "type": "Hex High Entropy String",
        "filename": "App/frontend/tsconfig.tsbuildinfo",
        "hashed_secret": "26cc3f21d635b2090c2cd5990077eb3e11217e06",
        "is_verified": false,
        "line_number": 1
      },
      {
        "type": "Hex High Entropy String",
        "filename": "App/frontend/tsconfig.tsbuildinfo",
        "hashed_secret": "27a5aa4579eeaccdf3cb44e88968386ee8455100",
        "is_verified": false,
        "line_number": 1
      },
      {
        "type": "Hex High Entropy String",
        "filename": "App/frontend/tsconfig.tsbuildinfo",
        "hashed_secret": "297d24379ee2b40a68e5e35ce38b7cdd3dd2f023",
        "is_verified": false,
        "line_number": 1
      },
      {
        "type": "Hex High Entropy String",
        "filename": "App/frontend/tsconfig.tsbuildinfo",
        "hashed_secret": "299352a88635df69c6cfe4a8d3f85b258f78a9f3",
        "is_verified": false,
        "line_number": 1
      },
      {
        "type": "Hex High Entropy String",
        "filename": "App/frontend/tsconfig.tsbuildinfo",
        "hashed_secret": "29f8d684618e0323a2ca61b6266e552d9fb5063a",
        "is_verified": false,
        "line_number": 1
      },
      {
        "type": "Hex High Entropy String",
        "filename": "App/frontend/tsconfig.tsbuildinfo",
        "hashed_secret": "2a183578ab209b24d407114d9765a67e33355473",
        "is_verified": false,
        "line_number": 1
      },
      {
        "type": "Hex High Entropy String",
        "filename": "App/frontend/tsconfig.tsbuildinfo",
        "hashed_secret": "2b671cf14c5e73212cb3327efd6904f2e314a17b",
        "is_verified": false,
        "line_number": 1
      },
      {
        "type": "Hex High Entropy String",
        "filename": "App/frontend/tsconfig.tsbuildinfo",
        "hashed_secret": "2b76d0af5b96a2605ec3efd1ea19c2129018e9b4",
        "is_verified": false,
        "line_number": 1
      },
      {
        "type": "Hex High Entropy String",
        "filename": "App/frontend/tsconfig.tsbuildinfo",
        "hashed_secret": "2bcf905cd70c0f18130f7360e906a793a3d2c0ac",
        "is_verified": false,
        "line_number": 1
      },
      {
        "type": "Hex High Entropy String",
        "filename": "App/frontend/tsconfig.tsbuildinfo",
        "hashed_secret": "2bd6948b7ac3e33610062afa44e627709e1acb6d",
        "is_verified": false,
        "line_number": 1
      },
      {
        "type": "Hex High Entropy String",
        "filename": "App/frontend/tsconfig.tsbuildinfo",
        "hashed_secret": "2c37191a32262de4aad0c46e7c5c64e1f02ccb38",
        "is_verified": false,
        "line_number": 1
      },
      {
        "type": "Hex High Entropy String",
        "filename": "App/frontend/tsconfig.tsbuildinfo",
        "hashed_secret": "2c7ae6db79fbb1b45ca4a649d1076db053cb9a46",
        "is_verified": false,
        "line_number": 1
      },
      {
        "type": "Hex High Entropy String",
        "filename": "App/frontend/tsconfig.tsbuildinfo",
        "hashed_secret": "2cbb10030f40ba9b6098f3e56fb9d8628afe65b0",
        "is_verified": false,
        "line_number": 1
      },
      {
        "type": "Hex High Entropy String",
        "filename": "App/frontend/tsconfig.tsbuildinfo",
        "hashed_secret": "2d9b4fa69dacbb4618e54e470cbddbdcc0923655",
        "is_verified": false,
        "line_number": 1
      },
      {
        "type": "Hex High Entropy String",
        "filename": "App/frontend/tsconfig.tsbuildinfo",
        "hashed_secret": "2dca168ae0800e7a7e5d37188ad09c151b95edc4",
        "is_verified": false,
        "line_number": 1
      },
      {
        "type": "Hex High Entropy String",
        "filename": "App/frontend/tsconfig.tsbuildinfo",
        "hashed_secret": "2dd9193eb5f8b1e213f686091bffc8657e1ba79c",
        "is_verified": false,
        "line_number": 1
      },
      {
        "type": "Hex High Entropy String",
        "filename": "App/frontend/tsconfig.tsbuildinfo",
        "hashed_secret": "2e3169f3d7d538a6fbe3ce594b58972d7693fb9c",
        "is_verified": false,
        "line_number": 1
      },
      {
        "type": "Hex High Entropy String",
        "filename": "App/frontend/tsconfig.tsbuildinfo",
        "hashed_secret": "2e772397384f565f1c644d39639ca578d9e70f55",
        "is_verified": false,
        "line_number": 1
      },
      {
        "type": "Hex High Entropy String",
        "filename": "App/frontend/tsconfig.tsbuildinfo",
        "hashed_secret": "2ea5d7ea9f17d174153d4e16fafaa1c3981c5a4d",
        "is_verified": false,
        "line_number": 1
      },
      {
        "type": "Hex High Entropy String",
        "filename": "App/frontend/tsconfig.tsbuildinfo",
        "hashed_secret": "2ef768475126dce371bf67eea529b4c650c96f45",
        "is_verified": false,
        "line_number": 1
      },
      {
        "type": "Hex High Entropy String",
        "filename": "App/frontend/tsconfig.tsbuildinfo",
        "hashed_secret": "2f30fc73098610e8036c67181b379cfe021cc6db",
        "is_verified": false,
        "line_number": 1
      },
      {
        "type": "Hex High Entropy String",
        "filename": "App/frontend/tsconfig.tsbuildinfo",
        "hashed_secret": "2f3d025b594c84395cf180be4a227a1816bc174a",
        "is_verified": false,
        "line_number": 1
      },
      {
        "type": "Hex High Entropy String",
        "filename": "App/frontend/tsconfig.tsbuildinfo",
        "hashed_secret": "2f5b85998c053f6e32133ee863aebeed9ddc0c3c",
        "is_verified": false,
        "line_number": 1
      },
      {
        "type": "Hex High Entropy String",
        "filename": "App/frontend/tsconfig.tsbuildinfo",
        "hashed_secret": "2fabb17c0dd52acc812c29a15f71d2f775df10ec",
        "is_verified": false,
        "line_number": 1
      },
      {
        "type": "Hex High Entropy String",
        "filename": "App/frontend/tsconfig.tsbuildinfo",
        "hashed_secret": "2fd4c85caef97b33ff191a75e5150821975cc3b1",
        "is_verified": false,
        "line_number": 1
      },
      {
        "type": "Hex High Entropy String",
        "filename": "App/frontend/tsconfig.tsbuildinfo",
        "hashed_secret": "306b623d3c702f6e5ba80fa16efb23b2a81f8faa",
        "is_verified": false,
        "line_number": 1
      },
      {
        "type": "Hex High Entropy String",
        "filename": "App/frontend/tsconfig.tsbuildinfo",
        "hashed_secret": "316be12d893429bb96db77cd4e593f1fa4e12df3",
        "is_verified": false,
        "line_number": 1
      },
      {
        "type": "Hex High Entropy String",
        "filename": "App/frontend/tsconfig.tsbuildinfo",
        "hashed_secret": "31b9c57cd9c7ff886a57d71ec036fa97e860a099",
        "is_verified": false,
        "line_number": 1
      },
      {
        "type": "Hex High Entropy String",
        "filename": "App/frontend/tsconfig.tsbuildinfo",
        "hashed_secret": "323592715b0bc7790f7fbf5f298206290cba6519",
        "is_verified": false,
        "line_number": 1
      },
      {
        "type": "Hex High Entropy String",
        "filename": "App/frontend/tsconfig.tsbuildinfo",
        "hashed_secret": "3263ee4f41df007aba2f85f641e6788cb44c3d94",
        "is_verified": false,
        "line_number": 1
      },
      {
        "type": "Hex High Entropy String",
        "filename": "App/frontend/tsconfig.tsbuildinfo",
        "hashed_secret": "32bfc182f02f833eb64f927d0c7a16f3685c3d64",
        "is_verified": false,
        "line_number": 1
      },
      {
        "type": "Hex High Entropy String",
        "filename": "App/frontend/tsconfig.tsbuildinfo",
        "hashed_secret": "361d7dbfbb00efd25d970b09f4d787bcee581f20",
        "is_verified": false,
        "line_number": 1
      },
      {
        "type": "Hex High Entropy String",
        "filename": "App/frontend/tsconfig.tsbuildinfo",
        "hashed_secret": "367e1d2904a0ce03286993e5ef60750705ca0ce4",
        "is_verified": false,
        "line_number": 1
      },
      {
        "type": "Hex High Entropy String",
        "filename": "App/frontend/tsconfig.tsbuildinfo",
        "hashed_secret": "36c5bc182ae7b5acbf046b898f10b4a4a164b3ac",
        "is_verified": false,
        "line_number": 1
      },
      {
        "type": "Hex High Entropy String",
        "filename": "App/frontend/tsconfig.tsbuildinfo",
        "hashed_secret": "36ec52b61ef4d6e7e80ccb529af1e48fa2856567",
        "is_verified": false,
        "line_number": 1
      },
      {
        "type": "Hex High Entropy String",
        "filename": "App/frontend/tsconfig.tsbuildinfo",
        "hashed_secret": "386cfc7bf7337a44f3343fa6263838399c768920",
        "is_verified": false,
        "line_number": 1
      },
      {
        "type": "Hex High Entropy String",
        "filename": "App/frontend/tsconfig.tsbuildinfo",
        "hashed_secret": "392004aa43030d09fc2fa98d737c823dfecf3032",
        "is_verified": false,
        "line_number": 1
      },
      {
        "type": "Hex High Entropy String",
        "filename": "App/frontend/tsconfig.tsbuildinfo",
        "hashed_secret": "39267dd820e06a0e570c9707ac5e57e48944b7fb",
        "is_verified": false,
        "line_number": 1
      },
      {
        "type": "Hex High Entropy String",
        "filename": "App/frontend/tsconfig.tsbuildinfo",
        "hashed_secret": "3998e1de39bcc40cbb1a5988461aee8916f3b1d5",
        "is_verified": false,
        "line_number": 1
      },
      {
        "type": "Hex High Entropy String",
        "filename": "App/frontend/tsconfig.tsbuildinfo",
        "hashed_secret": "39bcbf8f55181df69fd77bc1ebc60f954a66ddd3",
        "is_verified": false,
        "line_number": 1
      },
      {
        "type": "Hex High Entropy String",
        "filename": "App/frontend/tsconfig.tsbuildinfo",
        "hashed_secret": "3a2d054b7c87e550db11ebb89c400ad4c7e864ef",
        "is_verified": false,
        "line_number": 1
      },
      {
        "type": "Hex High Entropy String",
        "filename": "App/frontend/tsconfig.tsbuildinfo",
        "hashed_secret": "3a6b88d8970139305dd96f71014f24fd5c9428c1",
        "is_verified": false,
        "line_number": 1
      },
      {
        "type": "Hex High Entropy String",
        "filename": "App/frontend/tsconfig.tsbuildinfo",
        "hashed_secret": "3b5250fe2667df03bbda0b5f0a256d0d883ae919",
        "is_verified": false,
        "line_number": 1
      },
      {
        "type": "Hex High Entropy String",
        "filename": "App/frontend/tsconfig.tsbuildinfo",
        "hashed_secret": "3bbed97526726967ed51c69fe14833759f0c0427",
        "is_verified": false,
        "line_number": 1
      },
      {
        "type": "Hex High Entropy String",
        "filename": "App/frontend/tsconfig.tsbuildinfo",
        "hashed_secret": "3c130015bea047f9e1dadf22fd33bec79e78b3fe",
        "is_verified": false,
        "line_number": 1
      },
      {
        "type": "Hex High Entropy String",
        "filename": "App/frontend/tsconfig.tsbuildinfo",
        "hashed_secret": "3da6812c9ba6be17565a0e165e64de0639f94249",
        "is_verified": false,
        "line_number": 1
      },
      {
        "type": "Hex High Entropy String",
        "filename": "App/frontend/tsconfig.tsbuildinfo",
        "hashed_secret": "3f9148d29730ee6e9fa15a387efca359a1aeff8f",
        "is_verified": false,
        "line_number": 1
      },
      {
        "type": "Hex High Entropy String",
        "filename": "App/frontend/tsconfig.tsbuildinfo",
        "hashed_secret": "3fffb186d7d69fe4b9155638f30f68364abe61c7",
        "is_verified": false,
        "line_number": 1
      },
      {
        "type": "Hex High Entropy String",
        "filename": "App/frontend/tsconfig.tsbuildinfo",
        "hashed_secret": "404326b3658bcab35b8bfc99f0b36be0e98dfda3",
        "is_verified": false,
        "line_number": 1
      },
      {
        "type": "Hex High Entropy String",
        "filename": "App/frontend/tsconfig.tsbuildinfo",
        "hashed_secret": "4050c2254559c58758a1f5f7a60b3a73d1a0883e",
        "is_verified": false,
        "line_number": 1
      },
      {
        "type": "Hex High Entropy String",
        "filename": "App/frontend/tsconfig.tsbuildinfo",
        "hashed_secret": "4086183ec6ee3d0fbbe9228683ec34b8046d433b",
        "is_verified": false,
        "line_number": 1
      },
      {
        "type": "Hex High Entropy String",
        "filename": "App/frontend/tsconfig.tsbuildinfo",
        "hashed_secret": "415dba92b5e970d421f341482a878dd5ea3f2856",
        "is_verified": false,
        "line_number": 1
      },
      {
        "type": "Hex High Entropy String",
        "filename": "App/frontend/tsconfig.tsbuildinfo",
        "hashed_secret": "41ffa300a9c42f3bfcdfc933197eeb82d878e9d5",
        "is_verified": false,
        "line_number": 1
      },
      {
        "type": "Hex High Entropy String",
        "filename": "App/frontend/tsconfig.tsbuildinfo",
        "hashed_secret": "42ffd3fa7d812b6e0de15bc7f1b74c60faf70f01",
        "is_verified": false,
        "line_number": 1
      },
      {
        "type": "Hex High Entropy String",
        "filename": "App/frontend/tsconfig.tsbuildinfo",
        "hashed_secret": "431148625045067d7c9870515be36be1f763a2aa",
        "is_verified": false,
        "line_number": 1
      },
      {
        "type": "Hex High Entropy String",
        "filename": "App/frontend/tsconfig.tsbuildinfo",
        "hashed_secret": "441ce9e71794d4731c88a613ebf0af0f0e3aae96",
        "is_verified": false,
        "line_number": 1
      },
      {
        "type": "Hex High Entropy String",
        "filename": "App/frontend/tsconfig.tsbuildinfo",
        "hashed_secret": "4459f9aed33f32cedb4c1c9cb6a6dc7d592683b0",
        "is_verified": false,
        "line_number": 1
      },
      {
        "type": "Hex High Entropy String",
        "filename": "App/frontend/tsconfig.tsbuildinfo",
        "hashed_secret": "44abdf938491dc8effc03de9982196ebef3b0776",
        "is_verified": false,
        "line_number": 1
      },
      {
        "type": "Hex High Entropy String",
        "filename": "App/frontend/tsconfig.tsbuildinfo",
        "hashed_secret": "44c5582920485ca8ed0d2367be9813852a6277b3",
        "is_verified": false,
        "line_number": 1
      },
      {
        "type": "Hex High Entropy String",
        "filename": "App/frontend/tsconfig.tsbuildinfo",
        "hashed_secret": "45e904ac1908040f15878d9ff895b755cde6e5c4",
        "is_verified": false,
        "line_number": 1
      },
      {
        "type": "Hex High Entropy String",
        "filename": "App/frontend/tsconfig.tsbuildinfo",
        "hashed_secret": "47c498d763d75a98aaf9e2c2d87c4f0019c1283f",
        "is_verified": false,
        "line_number": 1
      },
      {
        "type": "Hex High Entropy String",
        "filename": "App/frontend/tsconfig.tsbuildinfo",
        "hashed_secret": "48c681f09f023c4c04bec70efebc2a53b05fcecb",
        "is_verified": false,
        "line_number": 1
      },
      {
        "type": "Hex High Entropy String",
        "filename": "App/frontend/tsconfig.tsbuildinfo",
        "hashed_secret": "49252d58dc0f4a2468661ea60a507cfc004a01fc",
        "is_verified": false,
        "line_number": 1
      },
      {
        "type": "Hex High Entropy String",
        "filename": "App/frontend/tsconfig.tsbuildinfo",
        "hashed_secret": "49376641d8f8b6c4c92717342d2279f771bbe46d",
        "is_verified": false,
        "line_number": 1
      },
      {
        "type": "Hex High Entropy String",
        "filename": "App/frontend/tsconfig.tsbuildinfo",
        "hashed_secret": "496211c2c54f55a8d17dfb5a1a216c252f434083",
        "is_verified": false,
        "line_number": 1
      },
      {
        "type": "Hex High Entropy String",
        "filename": "App/frontend/tsconfig.tsbuildinfo",
        "hashed_secret": "49741def21e4d7125c701890506ff2c9baaeba4c",
        "is_verified": false,
        "line_number": 1
      },
      {
        "type": "Hex High Entropy String",
        "filename": "App/frontend/tsconfig.tsbuildinfo",
        "hashed_secret": "4acb43f9bba1e6a562ba62333a44b32f168dcb8c",
        "is_verified": false,
        "line_number": 1
      },
      {
        "type": "Hex High Entropy String",
        "filename": "App/frontend/tsconfig.tsbuildinfo",
        "hashed_secret": "4c4c55c5e811a5004bbdb4f13b2f4b07c2ca98ab",
        "is_verified": false,
        "line_number": 1
      },
      {
        "type": "Hex High Entropy String",
        "filename": "App/frontend/tsconfig.tsbuildinfo",
        "hashed_secret": "4cb6f787a8c4cbcba89b3e9bbed5b5a0eb351a63",
        "is_verified": false,
        "line_number": 1
      },
      {
        "type": "Hex High Entropy String",
        "filename": "App/frontend/tsconfig.tsbuildinfo",
        "hashed_secret": "4e0e0985a6e5d22a4fd0d2449567236321fc2ffa",
        "is_verified": false,
        "line_number": 1
      },
      {
        "type": "Hex High Entropy String",
        "filename": "App/frontend/tsconfig.tsbuildinfo",
        "hashed_secret": "4e416a39872269647265cb0720d5a8006fad74b2",
        "is_verified": false,
        "line_number": 1
      },
      {
        "type": "Hex High Entropy String",
        "filename": "App/frontend/tsconfig.tsbuildinfo",
        "hashed_secret": "4e57f925c66984213733f0c942ea807d147828b7",
        "is_verified": false,
        "line_number": 1
      },
      {
        "type": "Hex High Entropy String",
        "filename": "App/frontend/tsconfig.tsbuildinfo",
        "hashed_secret": "4ea5f0f9a84a0a4d4a60537967c94cb1098e72f0",
        "is_verified": false,
        "line_number": 1
      },
      {
        "type": "Hex High Entropy String",
        "filename": "App/frontend/tsconfig.tsbuildinfo",
        "hashed_secret": "4fba61b2aebef57d39d9830fe50f392f4ad16329",
        "is_verified": false,
        "line_number": 1
      },
      {
        "type": "Hex High Entropy String",
        "filename": "App/frontend/tsconfig.tsbuildinfo",
        "hashed_secret": "4fe71a27ea62b2b70f9336f8aad6275144328e7b",
        "is_verified": false,
        "line_number": 1
      },
      {
        "type": "Hex High Entropy String",
        "filename": "App/frontend/tsconfig.tsbuildinfo",
        "hashed_secret": "50526896e196a9842d8db72c8b0d630856ebf67d",
        "is_verified": false,
        "line_number": 1
      },
      {
        "type": "Hex High Entropy String",
        "filename": "App/frontend/tsconfig.tsbuildinfo",
        "hashed_secret": "51e8a0c49690506d428d4a0a447fb44c241be593",
        "is_verified": false,
        "line_number": 1
      },
      {
        "type": "Hex High Entropy String",
        "filename": "App/frontend/tsconfig.tsbuildinfo",
        "hashed_secret": "528c8d2e2a52398ef6fe3cb5cc72419aecbad305",
        "is_verified": false,
        "line_number": 1
      },
      {
        "type": "Hex High Entropy String",
        "filename": "App/frontend/tsconfig.tsbuildinfo",
        "hashed_secret": "53218253ddaf9064571d5a25b4d6c3f3efcf52b3",
        "is_verified": false,
        "line_number": 1
      },
      {
        "type": "Hex High Entropy String",
        "filename": "App/frontend/tsconfig.tsbuildinfo",
        "hashed_secret": "543d6a44b98a3bbc82333e8413583591170793fc",
        "is_verified": false,
        "line_number": 1
      },
      {
        "type": "Hex High Entropy String",
        "filename": "App/frontend/tsconfig.tsbuildinfo",
        "hashed_secret": "5594bed0d8729257e4ac0f636c02d8e5d96c15ca",
        "is_verified": false,
        "line_number": 1
      },
      {
        "type": "Hex High Entropy String",
        "filename": "App/frontend/tsconfig.tsbuildinfo",
        "hashed_secret": "55f16abf485c8c9a73d48064f100307e9fde3c25",
        "is_verified": false,
        "line_number": 1
      },
      {
        "type": "Hex High Entropy String",
        "filename": "App/frontend/tsconfig.tsbuildinfo",
        "hashed_secret": "560c08e83124711e266aa48e1a010bfeaad3eaa2",
        "is_verified": false,
        "line_number": 1
      },
      {
        "type": "Hex High Entropy String",
        "filename": "App/frontend/tsconfig.tsbuildinfo",
        "hashed_secret": "56122b45a43f65a1ab405e69adca1857eb73836d",
        "is_verified": false,
        "line_number": 1
      },
      {
        "type": "Hex High Entropy String",
        "filename": "App/frontend/tsconfig.tsbuildinfo",
        "hashed_secret": "565c81f12d17d9c3d6df2104d72afce1caec87dc",
        "is_verified": false,
        "line_number": 1
      },
      {
        "type": "Hex High Entropy String",
        "filename": "App/frontend/tsconfig.tsbuildinfo",
        "hashed_secret": "56d7f21f358d20a143a59053f6e203d17f53b882",
        "is_verified": false,
        "line_number": 1
      },
      {
        "type": "Hex High Entropy String",
        "filename": "App/frontend/tsconfig.tsbuildinfo",
        "hashed_secret": "57338db736d81ae292a8da29c2c6341f1d8434de",
        "is_verified": false,
        "line_number": 1
      },
      {
        "type": "Hex High Entropy String",
        "filename": "App/frontend/tsconfig.tsbuildinfo",
        "hashed_secret": "586cbb744926ea1795c1f2ccc2112dca368a6be9",
        "is_verified": false,
        "line_number": 1
      },
      {
        "type": "Hex High Entropy String",
        "filename": "App/frontend/tsconfig.tsbuildinfo",
        "hashed_secret": "591d126686ad4fa5ed1149a79e9b8ba06868e693",
        "is_verified": false,
        "line_number": 1
      },
      {
        "type": "Hex High Entropy String",
        "filename": "App/frontend/tsconfig.tsbuildinfo",
        "hashed_secret": "59a99308aea13cf83c9e0255d6d68c6648b492bd",
        "is_verified": false,
        "line_number": 1
      },
      {
        "type": "Hex High Entropy String",
        "filename": "App/frontend/tsconfig.tsbuildinfo",
        "hashed_secret": "5b6caaac7a60f69eb3a7fc372e63c0fc6374868d",
        "is_verified": false,
        "line_number": 1
      },
      {
        "type": "Hex High Entropy String",
        "filename": "App/frontend/tsconfig.tsbuildinfo",
        "hashed_secret": "5ba64519cdbcc13f2d406a597661083eebc63454",
        "is_verified": false,
        "line_number": 1
      },
      {
        "type": "Hex High Entropy String",
        "filename": "App/frontend/tsconfig.tsbuildinfo",
        "hashed_secret": "5babd86c3b7e6930bdfe48cc4c85b88d5051655e",
        "is_verified": false,
        "line_number": 1
      },
      {
        "type": "Hex High Entropy String",
        "filename": "App/frontend/tsconfig.tsbuildinfo",
        "hashed_secret": "5bda57ba376918485fb81a0e4d79d8ed634371a5",
        "is_verified": false,
        "line_number": 1
      },
      {
        "type": "Hex High Entropy String",
        "filename": "App/frontend/tsconfig.tsbuildinfo",
        "hashed_secret": "5c2c69d49a3bef469044021a66e1841f07d28929",
        "is_verified": false,
        "line_number": 1
      },
      {
        "type": "Hex High Entropy String",
        "filename": "App/frontend/tsconfig.tsbuildinfo",
        "hashed_secret": "5da7ad4814ecf1d3a21091ed9e95197cfcc27f45",
        "is_verified": false,
        "line_number": 1
      },
      {
        "type": "Hex High Entropy String",
        "filename": "App/frontend/tsconfig.tsbuildinfo",
        "hashed_secret": "5deb8be46c2677e0022490a9268d1b83abf35181",
        "is_verified": false,
        "line_number": 1
      },
      {
        "type": "Hex High Entropy String",
        "filename": "App/frontend/tsconfig.tsbuildinfo",
        "hashed_secret": "5e0b619e5837832071e4581422b2738b349da313",
        "is_verified": false,
        "line_number": 1
      },
      {
        "type": "Hex High Entropy String",
        "filename": "App/frontend/tsconfig.tsbuildinfo",
        "hashed_secret": "5e292b0b7886192220679c129fae9c7a388a0859",
        "is_verified": false,
        "line_number": 1
      },
      {
        "type": "Hex High Entropy String",
        "filename": "App/frontend/tsconfig.tsbuildinfo",
        "hashed_secret": "5f959d7cf5e985179fca2284849fb1ede665da67",
        "is_verified": false,
        "line_number": 1
      },
      {
        "type": "Hex High Entropy String",
        "filename": "App/frontend/tsconfig.tsbuildinfo",
        "hashed_secret": "6094c74e7692bd83ca06d7571fe5202e59ce1afe",
        "is_verified": false,
        "line_number": 1
      },
      {
        "type": "Hex High Entropy String",
        "filename": "App/frontend/tsconfig.tsbuildinfo",
        "hashed_secret": "60eb3fe77ea606ae008d45f134ae8a7d50f93786",
        "is_verified": false,
        "line_number": 1
      },
      {
        "type": "Hex High Entropy String",
        "filename": "App/frontend/tsconfig.tsbuildinfo",
        "hashed_secret": "61c62203177f1515c519ecbf935c10f7fb6e341f",
        "is_verified": false,
        "line_number": 1
      },
      {
        "type": "Hex High Entropy String",
        "filename": "App/frontend/tsconfig.tsbuildinfo",
        "hashed_secret": "625332d8a8440c20a45bb42f5cd8ba4c93154d99",
        "is_verified": false,
        "line_number": 1
      },
      {
        "type": "Hex High Entropy String",
        "filename": "App/frontend/tsconfig.tsbuildinfo",
        "hashed_secret": "6335d35bbfbe3f462a65b15a083713b696f9a071",
        "is_verified": false,
        "line_number": 1
      },
      {
        "type": "Hex High Entropy String",
        "filename": "App/frontend/tsconfig.tsbuildinfo",
        "hashed_secret": "63bc71416c35945e5fa9c08d25412a9d5fb0a2aa",
        "is_verified": false,
        "line_number": 1
      },
      {
        "type": "Hex High Entropy String",
        "filename": "App/frontend/tsconfig.tsbuildinfo",
        "hashed_secret": "63ff08b63a0d5e20df88c8f82dc4cbb9c7405fba",
        "is_verified": false,
        "line_number": 1
      },
      {
        "type": "Hex High Entropy String",
        "filename": "App/frontend/tsconfig.tsbuildinfo",
        "hashed_secret": "645d50809cfbf8d79126768de940ac33849165c4",
        "is_verified": false,
        "line_number": 1
      },
      {
        "type": "Hex High Entropy String",
        "filename": "App/frontend/tsconfig.tsbuildinfo",
        "hashed_secret": "650bcba9eda09d63a0240c213e2c499fb1918d4b",
        "is_verified": false,
        "line_number": 1
      },
      {
        "type": "Hex High Entropy String",
        "filename": "App/frontend/tsconfig.tsbuildinfo",
        "hashed_secret": "659bb25cee2fbc77543ddd27b837e295d4386ae2",
        "is_verified": false,
        "line_number": 1
      },
      {
        "type": "Hex High Entropy String",
        "filename": "App/frontend/tsconfig.tsbuildinfo",
        "hashed_secret": "66380f157adeddea96d896aacd0816d4d164795e",
        "is_verified": false,
        "line_number": 1
      },
      {
        "type": "Hex High Entropy String",
        "filename": "App/frontend/tsconfig.tsbuildinfo",
        "hashed_secret": "6662d5debb1c459cdaa6634049eb4bf61d17f6c1",
        "is_verified": false,
        "line_number": 1
      },
      {
        "type": "Hex High Entropy String",
        "filename": "App/frontend/tsconfig.tsbuildinfo",
        "hashed_secret": "66e6026eefe4faa3640ee2f7400604b1b30230c9",
        "is_verified": false,
        "line_number": 1
      },
      {
        "type": "Hex High Entropy String",
        "filename": "App/frontend/tsconfig.tsbuildinfo",
        "hashed_secret": "677c914ff8e1c79fd74eb4c3e4a1d26baabc7c20",
        "is_verified": false,
        "line_number": 1
      },
      {
        "type": "Hex High Entropy String",
        "filename": "App/frontend/tsconfig.tsbuildinfo",
        "hashed_secret": "67c8200708d1ce600894cf933301d791123aab40",
        "is_verified": false,
        "line_number": 1
      },
      {
        "type": "Hex High Entropy String",
        "filename": "App/frontend/tsconfig.tsbuildinfo",
        "hashed_secret": "6aef44a677cdb1ddafc7ac0f89d45f3801f1686e",
        "is_verified": false,
        "line_number": 1
      },
      {
        "type": "Hex High Entropy String",
        "filename": "App/frontend/tsconfig.tsbuildinfo",
        "hashed_secret": "6b65a6da4a3972c2f2b51806528f039a9f1ac023",
        "is_verified": false,
        "line_number": 1
      },
      {
        "type": "Hex High Entropy String",
        "filename": "App/frontend/tsconfig.tsbuildinfo",
        "hashed_secret": "6bf952d9be52dc27dd20cf20c457b35e8a1f4b2a",
        "is_verified": false,
        "line_number": 1
      },
      {
        "type": "Hex High Entropy String",
        "filename": "App/frontend/tsconfig.tsbuildinfo",
        "hashed_secret": "6db83923dde45f85dea2aca539b3d3f6b52b0ea8",
        "is_verified": false,
        "line_number": 1
      },
      {
        "type": "Hex High Entropy String",
        "filename": "App/frontend/tsconfig.tsbuildinfo",
        "hashed_secret": "6dca69ec3a19f6846aa5605489e8f11e06e53168",
        "is_verified": false,
        "line_number": 1
      },
      {
        "type": "Hex High Entropy String",
        "filename": "App/frontend/tsconfig.tsbuildinfo",
        "hashed_secret": "6eafa49327b1e80f2056c4c9c626063fa9656404",
        "is_verified": false,
        "line_number": 1
      },
      {
        "type": "Hex High Entropy String",
        "filename": "App/frontend/tsconfig.tsbuildinfo",
        "hashed_secret": "6f2d11b318366ff37d622730984c86fc098afbe6",
        "is_verified": false,
        "line_number": 1
      },
      {
        "type": "Hex High Entropy String",
        "filename": "App/frontend/tsconfig.tsbuildinfo",
        "hashed_secret": "7102bab37158013ca2c190b4c2eb791cfc987716",
        "is_verified": false,
        "line_number": 1
      },
      {
        "type": "Hex High Entropy String",
        "filename": "App/frontend/tsconfig.tsbuildinfo",
        "hashed_secret": "7129d74158796189ce55f51f15cfe1e3522d427f",
        "is_verified": false,
        "line_number": 1
      },
      {
        "type": "Hex High Entropy String",
        "filename": "App/frontend/tsconfig.tsbuildinfo",
        "hashed_secret": "71e632b5164ee401e185d1fc2bc1f90b51ff32c9",
        "is_verified": false,
        "line_number": 1
      },
      {
        "type": "Hex High Entropy String",
        "filename": "App/frontend/tsconfig.tsbuildinfo",
        "hashed_secret": "73b9c1e63f6ed1649e1d4d6f6cb09c387e1e0713",
        "is_verified": false,
        "line_number": 1
      },
      {
        "type": "Hex High Entropy String",
        "filename": "App/frontend/tsconfig.tsbuildinfo",
        "hashed_secret": "75b886dcd62c95f491ed10eafbc3f056248e567b",
        "is_verified": false,
        "line_number": 1
      },
      {
        "type": "Hex High Entropy String",
        "filename": "App/frontend/tsconfig.tsbuildinfo",
        "hashed_secret": "761560021357628fbecf8ffde64254c2c225822b",
        "is_verified": false,
        "line_number": 1
      },
      {
        "type": "Hex High Entropy String",
        "filename": "App/frontend/tsconfig.tsbuildinfo",
        "hashed_secret": "7633df9d5d4646ace50db491eeb5d5a14dc50d47",
        "is_verified": false,
        "line_number": 1
      },
      {
        "type": "Hex High Entropy String",
        "filename": "App/frontend/tsconfig.tsbuildinfo",
        "hashed_secret": "7865bc9aa2429ab319cbcbd674ab25939ada02e2",
        "is_verified": false,
        "line_number": 1
      },
      {
        "type": "Hex High Entropy String",
        "filename": "App/frontend/tsconfig.tsbuildinfo",
        "hashed_secret": "797b8bc1e434ce2c8983a32c889e14b9fe3ceffd",
        "is_verified": false,
        "line_number": 1
      },
      {
        "type": "Hex High Entropy String",
        "filename": "App/frontend/tsconfig.tsbuildinfo",
        "hashed_secret": "7a1336e6927c5318ea6f4908a83f4b25a3933fea",
        "is_verified": false,
        "line_number": 1
      },
      {
        "type": "Hex High Entropy String",
        "filename": "App/frontend/tsconfig.tsbuildinfo",
        "hashed_secret": "7a18d1c0af5d55da57130614bb2fc2064ec5a596",
        "is_verified": false,
        "line_number": 1
      },
      {
        "type": "Hex High Entropy String",
        "filename": "App/frontend/tsconfig.tsbuildinfo",
        "hashed_secret": "7adc78931f277d76f7853acc5b2f242b7eef724e",
        "is_verified": false,
        "line_number": 1
      },
      {
        "type": "Hex High Entropy String",
        "filename": "App/frontend/tsconfig.tsbuildinfo",
        "hashed_secret": "7b0ad17c4fead322de943003b50e79811e42d41d",
        "is_verified": false,
        "line_number": 1
      },
      {
        "type": "Hex High Entropy String",
        "filename": "App/frontend/tsconfig.tsbuildinfo",
        "hashed_secret": "7b64f2f2cb19256deb8530e9097833aeae7200c4",
        "is_verified": false,
        "line_number": 1
      },
      {
        "type": "Hex High Entropy String",
        "filename": "App/frontend/tsconfig.tsbuildinfo",
        "hashed_secret": "7bd97a3fba768a13efd5c1a603a3f9bd7b4e29f2",
        "is_verified": false,
        "line_number": 1
      },
      {
        "type": "Hex High Entropy String",
        "filename": "App/frontend/tsconfig.tsbuildinfo",
        "hashed_secret": "7ce2382a876526f0147b9d0de54360b4dbd8dae8",
        "is_verified": false,
        "line_number": 1
      },
      {
        "type": "Hex High Entropy String",
        "filename": "App/frontend/tsconfig.tsbuildinfo",
        "hashed_secret": "7d594c64f70c18d4cfdc969410ef57a53993f8ae",
        "is_verified": false,
        "line_number": 1
      },
      {
        "type": "Hex High Entropy String",
        "filename": "App/frontend/tsconfig.tsbuildinfo",
        "hashed_secret": "7dfdc4c718df160532173626beba5de30ee1f58d",
        "is_verified": false,
        "line_number": 1
      },
      {
        "type": "Hex High Entropy String",
        "filename": "App/frontend/tsconfig.tsbuildinfo",
        "hashed_secret": "7ef1dd21a38fcd7ae009d2e746642ae34aa97824",
        "is_verified": false,
        "line_number": 1
      },
      {
        "type": "Hex High Entropy String",
        "filename": "App/frontend/tsconfig.tsbuildinfo",
        "hashed_secret": "7efc43f9882c273215e18d95d7528dacdee26530",
        "is_verified": false,
        "line_number": 1
      },
      {
        "type": "Hex High Entropy String",
        "filename": "App/frontend/tsconfig.tsbuildinfo",
        "hashed_secret": "7f607b391a3ce0da177d550a98fc3084bf4253a7",
        "is_verified": false,
        "line_number": 1
      },
      {
        "type": "Hex High Entropy String",
        "filename": "App/frontend/tsconfig.tsbuildinfo",
        "hashed_secret": "8043ae14830707fa51a7b2f18c5c3ed88d5871fd",
        "is_verified": false,
        "line_number": 1
      },
      {
        "type": "Hex High Entropy String",
        "filename": "App/frontend/tsconfig.tsbuildinfo",
        "hashed_secret": "80e0f8cb9f179214cab5481a0ca3c84676a1d2b7",
        "is_verified": false,
        "line_number": 1
      },
      {
        "type": "Hex High Entropy String",
        "filename": "App/frontend/tsconfig.tsbuildinfo",
        "hashed_secret": "80e3b40fe09c62ca6a90a25c488011039bed53c0",
        "is_verified": false,
        "line_number": 1
      },
      {
        "type": "Hex High Entropy String",
        "filename": "App/frontend/tsconfig.tsbuildinfo",
        "hashed_secret": "82ba304538986d2a94618f664d726859371c4260",
        "is_verified": false,
        "line_number": 1
      },
      {
        "type": "Hex High Entropy String",
        "filename": "App/frontend/tsconfig.tsbuildinfo",
        "hashed_secret": "83b9f012c791f031e2bda2c59afc33494cfdf796",
        "is_verified": false,
        "line_number": 1
      },
      {
        "type": "Hex High Entropy String",
        "filename": "App/frontend/tsconfig.tsbuildinfo",
        "hashed_secret": "83d4ec96a61cece5c169d7db8aa464861b323330",
        "is_verified": false,
        "line_number": 1
      },
      {
        "type": "Hex High Entropy String",
        "filename": "App/frontend/tsconfig.tsbuildinfo",
        "hashed_secret": "849e3c627de4070c857b591ad29de7c79c9f6644",
        "is_verified": false,
        "line_number": 1
      },
      {
        "type": "Hex High Entropy String",
        "filename": "App/frontend/tsconfig.tsbuildinfo",
        "hashed_secret": "8507bc7c134c0af282e799a79453bff9ce1617a1",
        "is_verified": false,
        "line_number": 1
      },
      {
        "type": "Hex High Entropy String",
        "filename": "App/frontend/tsconfig.tsbuildinfo",
        "hashed_secret": "8562818d09991097ac6c63dbfd94e4dd57da9040",
        "is_verified": false,
        "line_number": 1
      },
      {
        "type": "Hex High Entropy String",
        "filename": "App/frontend/tsconfig.tsbuildinfo",
        "hashed_secret": "85e56d281535c09e7f8717c254d0a35b9d326417",
        "is_verified": false,
        "line_number": 1
      },
      {
        "type": "Hex High Entropy String",
        "filename": "App/frontend/tsconfig.tsbuildinfo",
        "hashed_secret": "85f4aefe1cb7196dfc549654519eab95d859b0f0",
        "is_verified": false,
        "line_number": 1
      },
      {
        "type": "Hex High Entropy String",
        "filename": "App/frontend/tsconfig.tsbuildinfo",
        "hashed_secret": "86b1423368d749a0d912320f673bae63f7b48372",
        "is_verified": false,
        "line_number": 1
      },
      {
        "type": "Hex High Entropy String",
        "filename": "App/frontend/tsconfig.tsbuildinfo",
        "hashed_secret": "875de757f2b989fb436bd16cbac6f713c8d135bb",
        "is_verified": false,
        "line_number": 1
      },
      {
        "type": "Hex High Entropy String",
        "filename": "App/frontend/tsconfig.tsbuildinfo",
        "hashed_secret": "877253b634a666bc99d1affa7f1a0a0988fef456",
        "is_verified": false,
        "line_number": 1
      },
      {
        "type": "Hex High Entropy String",
        "filename": "App/frontend/tsconfig.tsbuildinfo",
        "hashed_secret": "87ae424f5c331b8a111f1d39417809e6e9afe7a5",
        "is_verified": false,
        "line_number": 1
      },
      {
        "type": "Hex High Entropy String",
        "filename": "App/frontend/tsconfig.tsbuildinfo",
        "hashed_secret": "881b9fab7a4d745538232e151604b59e1d6d0807",
        "is_verified": false,
        "line_number": 1
      },
      {
        "type": "Hex High Entropy String",
        "filename": "App/frontend/tsconfig.tsbuildinfo",
        "hashed_secret": "893c551c545dcc379d83a38c9b803378bd470a7e",
        "is_verified": false,
        "line_number": 1
      },
      {
        "type": "Hex High Entropy String",
        "filename": "App/frontend/tsconfig.tsbuildinfo",
        "hashed_secret": "89762c6dcce6809362c9fcf92caf6d80ecc171b2",
        "is_verified": false,
        "line_number": 1
      },
      {
        "type": "Hex High Entropy String",
        "filename": "App/frontend/tsconfig.tsbuildinfo",
        "hashed_secret": "8a76e45701a1aee9cf4825890b059cc681765184",
        "is_verified": false,
        "line_number": 1
      },
      {
        "type": "Hex High Entropy String",
        "filename": "App/frontend/tsconfig.tsbuildinfo",
        "hashed_secret": "8add3d86794742477aefc0283f8775b6b4265b53",
        "is_verified": false,
        "line_number": 1
      },
      {
        "type": "Hex High Entropy String",
        "filename": "App/frontend/tsconfig.tsbuildinfo",
        "hashed_secret": "8bf14d41594e65cf1fc3b7572730ee309d17f1ec",
        "is_verified": false,
        "line_number": 1
      },
      {
        "type": "Hex High Entropy String",
        "filename": "App/frontend/tsconfig.tsbuildinfo",
        "hashed_secret": "8c5b57109d2715a44726117b23971b0bef582561",
        "is_verified": false,
        "line_number": 1
      },
      {
        "type": "Hex High Entropy String",
        "filename": "App/frontend/tsconfig.tsbuildinfo",
        "hashed_secret": "8d664319c27f9d8bd6195f7e07925522be39ae3d",
        "is_verified": false,
        "line_number": 1
      },
      {
        "type": "Hex High Entropy String",
        "filename": "App/frontend/tsconfig.tsbuildinfo",
        "hashed_secret": "8e13f5ada948719d7a44e1e941a38cbdb6b3b58d",
        "is_verified": false,
        "line_number": 1
      },
      {
        "type": "Hex High Entropy String",
        "filename": "App/frontend/tsconfig.tsbuildinfo",
        "hashed_secret": "8e7230e2945df6274e6845979381c15176937ee7",
        "is_verified": false,
        "line_number": 1
      },
      {
        "type": "Hex High Entropy String",
        "filename": "App/frontend/tsconfig.tsbuildinfo",
        "hashed_secret": "8f39bff858e771cd00b3cfb8291c73f82efb639a",
        "is_verified": false,
        "line_number": 1
      },
      {
        "type": "Hex High Entropy String",
        "filename": "App/frontend/tsconfig.tsbuildinfo",
        "hashed_secret": "8f5eaff483e69be92d792f3c3f1e3756c33b8177",
        "is_verified": false,
        "line_number": 1
      },
      {
        "type": "Hex High Entropy String",
        "filename": "App/frontend/tsconfig.tsbuildinfo",
        "hashed_secret": "8fc720d7fd8d4eb42032821d3b559ed1fbe9c07e",
        "is_verified": false,
        "line_number": 1
      },
      {
        "type": "Hex High Entropy String",
        "filename": "App/frontend/tsconfig.tsbuildinfo",
        "hashed_secret": "8fce9c6be7e3e885397c342062dfd22b610d3d83",
        "is_verified": false,
        "line_number": 1
      },
      {
        "type": "Hex High Entropy String",
        "filename": "App/frontend/tsconfig.tsbuildinfo",
        "hashed_secret": "8ff2fb78e9eeecec6f51ffa45912bcdbb14da4aa",
        "is_verified": false,
        "line_number": 1
      },
      {
        "type": "Hex High Entropy String",
        "filename": "App/frontend/tsconfig.tsbuildinfo",
        "hashed_secret": "8ff5480c56f80c6877ad1560eddc96c8a73bbcd4",
        "is_verified": false,
        "line_number": 1
      },
      {
        "type": "Hex High Entropy String",
        "filename": "App/frontend/tsconfig.tsbuildinfo",
        "hashed_secret": "906905e565e1f1597e35f3b9f2332ac4160b95c3",
        "is_verified": false,
        "line_number": 1
      },
      {
        "type": "Hex High Entropy String",
        "filename": "App/frontend/tsconfig.tsbuildinfo",
        "hashed_secret": "912e6b26bd8ed77be1322f743873dac9b81de30c",
        "is_verified": false,
        "line_number": 1
      },
      {
        "type": "Hex High Entropy String",
        "filename": "App/frontend/tsconfig.tsbuildinfo",
        "hashed_secret": "91954d43ef3a4a318f8d827d45f12b51d76ab951",
        "is_verified": false,
        "line_number": 1
      },
      {
        "type": "Hex High Entropy String",
        "filename": "App/frontend/tsconfig.tsbuildinfo",
        "hashed_secret": "943f4f52986e05bf9a8719ec6e3973080ba9ee82",
        "is_verified": false,
        "line_number": 1
      },
      {
        "type": "Hex High Entropy String",
        "filename": "App/frontend/tsconfig.tsbuildinfo",
        "hashed_secret": "944ab6a043378d56122dd57c3b4aabf74d2dfca0",
        "is_verified": false,
        "line_number": 1
      },
      {
        "type": "Hex High Entropy String",
        "filename": "App/frontend/tsconfig.tsbuildinfo",
        "hashed_secret": "94e29d19b69f09d61d44e352e8197d7371d813fb",
        "is_verified": false,
        "line_number": 1
      },
      {
        "type": "Hex High Entropy String",
        "filename": "App/frontend/tsconfig.tsbuildinfo",
        "hashed_secret": "96c347f4513e196f075c4fbde082a02f4cfe8a49",
        "is_verified": false,
        "line_number": 1
      },
      {
        "type": "Hex High Entropy String",
        "filename": "App/frontend/tsconfig.tsbuildinfo",
        "hashed_secret": "9720ff7be9c9882a2e244099ca48fcac6c096504",
        "is_verified": false,
        "line_number": 1
      },
      {
        "type": "Hex High Entropy String",
        "filename": "App/frontend/tsconfig.tsbuildinfo",
        "hashed_secret": "97b495d16fa86a0d4a80b8f11a5f9a6ebf86022c",
        "is_verified": false,
        "line_number": 1
      },
      {
        "type": "Hex High Entropy String",
        "filename": "App/frontend/tsconfig.tsbuildinfo",
        "hashed_secret": "981d10cb37b108d4fd3ddb5ff26c101df45a3b8d",
        "is_verified": false,
        "line_number": 1
      },
      {
        "type": "Hex High Entropy String",
        "filename": "App/frontend/tsconfig.tsbuildinfo",
        "hashed_secret": "982fc78817625d0fe1f0dbbb9a8490fc2941ccb7",
        "is_verified": false,
        "line_number": 1
      },
      {
        "type": "Hex High Entropy String",
        "filename": "App/frontend/tsconfig.tsbuildinfo",
        "hashed_secret": "98b2727c307854670d99e694a08145f08b2dac72",
        "is_verified": false,
        "line_number": 1
      },
      {
        "type": "Hex High Entropy String",
        "filename": "App/frontend/tsconfig.tsbuildinfo",
        "hashed_secret": "99287110dad4059d46970573e5e13f804706949d",
        "is_verified": false,
        "line_number": 1
      },
      {
        "type": "Hex High Entropy String",
        "filename": "App/frontend/tsconfig.tsbuildinfo",
        "hashed_secret": "99b69cdb09e385ca0dd0ef3d0a71cb0b4ffedf01",
        "is_verified": false,
        "line_number": 1
      },
      {
        "type": "Hex High Entropy String",
        "filename": "App/frontend/tsconfig.tsbuildinfo",
        "hashed_secret": "9a277a30f04b2d3c860499ea98bcba90979c54eb",
        "is_verified": false,
        "line_number": 1
      },
      {
        "type": "Hex High Entropy String",
        "filename": "App/frontend/tsconfig.tsbuildinfo",
        "hashed_secret": "9a57bbfdaa88ab3a57cd15bd3e9861f8b16fe735",
        "is_verified": false,
        "line_number": 1
      },
      {
        "type": "Hex High Entropy String",
        "filename": "App/frontend/tsconfig.tsbuildinfo",
        "hashed_secret": "9f6db83277e67aa2781422f7c1d66cd9973e3c11",
        "is_verified": false,
        "line_number": 1
      },
      {
        "type": "Hex High Entropy String",
        "filename": "App/frontend/tsconfig.tsbuildinfo",
        "hashed_secret": "a03d1b25168e3fd0725a2d5daf9edcf7874cc1e2",
        "is_verified": false,
        "line_number": 1
      },
      {
        "type": "Hex High Entropy String",
        "filename": "App/frontend/tsconfig.tsbuildinfo",
        "hashed_secret": "a04c4aae97cbd200c9c8d643c438aae90a460fc5",
        "is_verified": false,
        "line_number": 1
      },
      {
        "type": "Hex High Entropy String",
        "filename": "App/frontend/tsconfig.tsbuildinfo",
        "hashed_secret": "a089169c4aa3886035f61217cd24cc6e76c4eaa3",
        "is_verified": false,
        "line_number": 1
      },
      {
        "type": "Hex High Entropy String",
        "filename": "App/frontend/tsconfig.tsbuildinfo",
        "hashed_secret": "a1293bb58d6338a7045d481b09017cec5f06a9c6",
        "is_verified": false,
        "line_number": 1
      },
      {
        "type": "Hex High Entropy String",
        "filename": "App/frontend/tsconfig.tsbuildinfo",
        "hashed_secret": "a15fe4c633998cc146f6bcc9786d3a87687044ac",
        "is_verified": false,
        "line_number": 1
      },
      {
        "type": "Hex High Entropy String",
        "filename": "App/frontend/tsconfig.tsbuildinfo",
        "hashed_secret": "a18bed6850b2a2e6d671eb686ae50f86c3ca3ff3",
        "is_verified": false,
        "line_number": 1
      },
      {
        "type": "Hex High Entropy String",
        "filename": "App/frontend/tsconfig.tsbuildinfo",
        "hashed_secret": "a1eb803227a33a36fe0dea8e9d7769bb4b34f132",
        "is_verified": false,
        "line_number": 1
      },
      {
        "type": "Hex High Entropy String",
        "filename": "App/frontend/tsconfig.tsbuildinfo",
        "hashed_secret": "a1fb710ee0f9bfbba21c25b5072dfe2c44e9c7c1",
        "is_verified": false,
        "line_number": 1
      },
      {
        "type": "Hex High Entropy String",
        "filename": "App/frontend/tsconfig.tsbuildinfo",
        "hashed_secret": "a203a1b9c8bc50c077ebbc8395969eb87ed51f9b",
        "is_verified": false,
        "line_number": 1
      },
      {
        "type": "Hex High Entropy String",
        "filename": "App/frontend/tsconfig.tsbuildinfo",
        "hashed_secret": "a2975d204971cff4c92ca67df49b917c4793687a",
        "is_verified": false,
        "line_number": 1
      },
      {
        "type": "Hex High Entropy String",
        "filename": "App/frontend/tsconfig.tsbuildinfo",
        "hashed_secret": "a2c4c21c96071b3aa1f085906b78b22eab9fd6e8",
        "is_verified": false,
        "line_number": 1
      },
      {
        "type": "Hex High Entropy String",
        "filename": "App/frontend/tsconfig.tsbuildinfo",
        "hashed_secret": "a3e8d1d4a64c25d5338344ea0bdd1c5258990ced",
        "is_verified": false,
        "line_number": 1
      },
      {
        "type": "Hex High Entropy String",
        "filename": "App/frontend/tsconfig.tsbuildinfo",
        "hashed_secret": "a58bec8fa40be2f1f16ff003cc213a747b2bf574",
        "is_verified": false,
        "line_number": 1
      },
      {
        "type": "Hex High Entropy String",
        "filename": "App/frontend/tsconfig.tsbuildinfo",
        "hashed_secret": "a60cb16b77ce9a769fe35b58ff2645a8fa7b94be",
        "is_verified": false,
        "line_number": 1
      },
      {
        "type": "Hex High Entropy String",
        "filename": "App/frontend/tsconfig.tsbuildinfo",
        "hashed_secret": "a7303600f759a14f2924d96fb34faad20c90cc9d",
        "is_verified": false,
        "line_number": 1
      },
      {
        "type": "Hex High Entropy String",
        "filename": "App/frontend/tsconfig.tsbuildinfo",
        "hashed_secret": "a744c45ef6027c2dd490a6573854d93ff60cc96a",
        "is_verified": false,
        "line_number": 1
      },
      {
        "type": "Hex High Entropy String",
        "filename": "App/frontend/tsconfig.tsbuildinfo",
        "hashed_secret": "a78c2ec8c682183fc77f670e784f1233283d505a",
        "is_verified": false,
        "line_number": 1
      },
      {
        "type": "Hex High Entropy String",
        "filename": "App/frontend/tsconfig.tsbuildinfo",
        "hashed_secret": "a80a6bacf15dad5ed75c1893f6cf6e74c4fa7137",
        "is_verified": false,
        "line_number": 1
      },
      {
        "type": "Hex High Entropy String",
        "filename": "App/frontend/tsconfig.tsbuildinfo",
        "hashed_secret": "a8126e37e154c6a7d8cd70763b22036a6526e78a",
        "is_verified": false,
        "line_number": 1
      },
      {
        "type": "Hex High Entropy String",
        "filename": "App/frontend/tsconfig.tsbuildinfo",
        "hashed_secret": "a81f8de03fe46663dfff957fdcddccd69ecbbf26",
        "is_verified": false,
        "line_number": 1
      },
      {
        "type": "Hex High Entropy String",
        "filename": "App/frontend/tsconfig.tsbuildinfo",
        "hashed_secret": "a8d0e123f360ca6d516f9d7e194cdaf7e553e0fb",
        "is_verified": false,
        "line_number": 1
      },
      {
        "type": "Hex High Entropy String",
        "filename": "App/frontend/tsconfig.tsbuildinfo",
        "hashed_secret": "a8e6adc4d4d29a7df9168ad72498d0efd332a2de",
        "is_verified": false,
        "line_number": 1
      },
      {
        "type": "Hex High Entropy String",
        "filename": "App/frontend/tsconfig.tsbuildinfo",
        "hashed_secret": "a95f79eb1cab925597ce863e88ed50242c0c0564",
        "is_verified": false,
        "line_number": 1
      },
      {
        "type": "Hex High Entropy String",
        "filename": "App/frontend/tsconfig.tsbuildinfo",
        "hashed_secret": "a97a554257696cdda984f09d865b5bc26d1277b6",
        "is_verified": false,
        "line_number": 1
      },
      {
        "type": "Hex High Entropy String",
        "filename": "App/frontend/tsconfig.tsbuildinfo",
        "hashed_secret": "a9c03e9bc2690f7368546124d97475a3167a79cd",
        "is_verified": false,
        "line_number": 1
      },
      {
        "type": "Hex High Entropy String",
        "filename": "App/frontend/tsconfig.tsbuildinfo",
        "hashed_secret": "aba1d6b6d2b2eaa49e0946a6320314e0a2cf9f00",
        "is_verified": false,
        "line_number": 1
      },
      {
        "type": "Hex High Entropy String",
        "filename": "App/frontend/tsconfig.tsbuildinfo",
        "hashed_secret": "abadb22652e84636f7aa4ed83c2fa6719bf679c5",
        "is_verified": false,
        "line_number": 1
      },
      {
        "type": "Hex High Entropy String",
        "filename": "App/frontend/tsconfig.tsbuildinfo",
        "hashed_secret": "abc19fa8e4a995cd01a7c9a7145d2fa2d0bc5fd6",
        "is_verified": false,
        "line_number": 1
      },
      {
        "type": "Hex High Entropy String",
        "filename": "App/frontend/tsconfig.tsbuildinfo",
        "hashed_secret": "ad1e3ae56356df7137580ccd1d071a03ff19d72f",
        "is_verified": false,
        "line_number": 1
      },
      {
        "type": "Hex High Entropy String",
        "filename": "App/frontend/tsconfig.tsbuildinfo",
        "hashed_secret": "ae4b3b921b6a9e31d0339dc4afd06ae12793c14d",
        "is_verified": false,
        "line_number": 1
      },
      {
        "type": "Hex High Entropy String",
        "filename": "App/frontend/tsconfig.tsbuildinfo",
        "hashed_secret": "ae4f86c112f583bf84b190b16218a57c47d2630f",
        "is_verified": false,
        "line_number": 1
      },
      {
        "type": "Hex High Entropy String",
        "filename": "App/frontend/tsconfig.tsbuildinfo",
        "hashed_secret": "af1a09babdc129f43930948f128832d963ef89de",
        "is_verified": false,
        "line_number": 1
      },
      {
        "type": "Hex High Entropy String",
        "filename": "App/frontend/tsconfig.tsbuildinfo",
        "hashed_secret": "af2d385e1e55ec844bcdd2ef1e7d9bd2783219e7",
        "is_verified": false,
        "line_number": 1
      },
      {
        "type": "Hex High Entropy String",
        "filename": "App/frontend/tsconfig.tsbuildinfo",
        "hashed_secret": "aff5db93390a9dc5196261c6498ef48086b5d1ea",
        "is_verified": false,
        "line_number": 1
      },
      {
        "type": "Hex High Entropy String",
        "filename": "App/frontend/tsconfig.tsbuildinfo",
        "hashed_secret": "b064a2c4e9da8c2ae66e0f8dbd84f93d9bc635e9",
        "is_verified": false,
        "line_number": 1
      },
      {
        "type": "Hex High Entropy String",
        "filename": "App/frontend/tsconfig.tsbuildinfo",
        "hashed_secret": "b0789fd2ce1cac548a7ea9d638a9862662966ab9",
        "is_verified": false,
        "line_number": 1
      },
      {
        "type": "Hex High Entropy String",
        "filename": "App/frontend/tsconfig.tsbuildinfo",
        "hashed_secret": "b0c8bd93b9a2187a3a3952a5b6ea925e1328cc39",
        "is_verified": false,
        "line_number": 1
      },
      {
        "type": "Hex High Entropy String",
        "filename": "App/frontend/tsconfig.tsbuildinfo",
        "hashed_secret": "b0cfa962628c0cbcdd15a3cf74d8a625d5cb4d40",
        "is_verified": false,
        "line_number": 1
      },
      {
        "type": "Hex High Entropy String",
        "filename": "App/frontend/tsconfig.tsbuildinfo",
        "hashed_secret": "b0df63cfc2cb4ba8997396608ac9e71426dc4c51",
        "is_verified": false,
        "line_number": 1
      },
      {
        "type": "Hex High Entropy String",
        "filename": "App/frontend/tsconfig.tsbuildinfo",
        "hashed_secret": "b1f4e6d06fa21ee60791169294ae18585b55993c",
        "is_verified": false,
        "line_number": 1
      },
      {
        "type": "Hex High Entropy String",
        "filename": "App/frontend/tsconfig.tsbuildinfo",
        "hashed_secret": "b204400d64acbc091c83c90ef53b14c48f097bfa",
        "is_verified": false,
        "line_number": 1
      },
      {
        "type": "Hex High Entropy String",
        "filename": "App/frontend/tsconfig.tsbuildinfo",
        "hashed_secret": "b209016fbc1852da5b50b430e6fc283a52dfa063",
        "is_verified": false,
        "line_number": 1
      },
      {
        "type": "Hex High Entropy String",
        "filename": "App/frontend/tsconfig.tsbuildinfo",
        "hashed_secret": "b30602fb654c4c966ae30c3adec51419b25b9775",
        "is_verified": false,
        "line_number": 1
      },
      {
        "type": "Hex High Entropy String",
        "filename": "App/frontend/tsconfig.tsbuildinfo",
        "hashed_secret": "b4fc5921f5ec863f33f183c6e1026472e5239098",
        "is_verified": false,
        "line_number": 1
      },
      {
        "type": "Hex High Entropy String",
        "filename": "App/frontend/tsconfig.tsbuildinfo",
        "hashed_secret": "b5480545b59f687317363df222c5862107e3da7f",
        "is_verified": false,
        "line_number": 1
      },
      {
        "type": "Hex High Entropy String",
        "filename": "App/frontend/tsconfig.tsbuildinfo",
        "hashed_secret": "b6421fb13e88e59b18d6c284e8f3947f74b2f6ac",
        "is_verified": false,
        "line_number": 1
      },
      {
        "type": "Hex High Entropy String",
        "filename": "App/frontend/tsconfig.tsbuildinfo",
        "hashed_secret": "b6580168f26d5dc69835a2ef2831041b9ae6bb80",
        "is_verified": false,
        "line_number": 1
      },
      {
        "type": "Hex High Entropy String",
        "filename": "App/frontend/tsconfig.tsbuildinfo",
        "hashed_secret": "b6a697aa9eee66299759fcf819ea2634767e7c05",
        "is_verified": false,
        "line_number": 1
      },
      {
        "type": "Hex High Entropy String",
        "filename": "App/frontend/tsconfig.tsbuildinfo",
        "hashed_secret": "b7ce4d9a97ddb3f07ee622edc9c9dae0a736c4c7",
        "is_verified": false,
        "line_number": 1
      },
      {
        "type": "Hex High Entropy String",
        "filename": "App/frontend/tsconfig.tsbuildinfo",
        "hashed_secret": "b9e954571332cb2f11a260e5fb9801e33ad87620",
        "is_verified": false,
        "line_number": 1
      },
      {
        "type": "Hex High Entropy String",
        "filename": "App/frontend/tsconfig.tsbuildinfo",
        "hashed_secret": "ba76ae3d953777fdd67436926ba86d7c4e1f66ae",
        "is_verified": false,
        "line_number": 1
      },
      {
        "type": "Hex High Entropy String",
        "filename": "App/frontend/tsconfig.tsbuildinfo",
        "hashed_secret": "baf5f72b84ea55f41a7a49c01b8bb285ed8b96c2",
        "is_verified": false,
        "line_number": 1
      },
      {
        "type": "Hex High Entropy String",
        "filename": "App/frontend/tsconfig.tsbuildinfo",
        "hashed_secret": "bb76fad05b473dd3cdfc680af12f27af742331c7",
        "is_verified": false,
        "line_number": 1
      },
      {
        "type": "Hex High Entropy String",
        "filename": "App/frontend/tsconfig.tsbuildinfo",
        "hashed_secret": "bc5e95286e79594d55524b3488b055c893773aba",
        "is_verified": false,
        "line_number": 1
      },
      {
        "type": "Hex High Entropy String",
        "filename": "App/frontend/tsconfig.tsbuildinfo",
        "hashed_secret": "bc660cd62e6c970d5a84a3503fc7ce26b250474b",
        "is_verified": false,
        "line_number": 1
      },
      {
        "type": "Hex High Entropy String",
        "filename": "App/frontend/tsconfig.tsbuildinfo",
        "hashed_secret": "bcd129f7062b4e33d03b95f589a933fdd2fc1d67",
        "is_verified": false,
        "line_number": 1
      },
      {
        "type": "Hex High Entropy String",
        "filename": "App/frontend/tsconfig.tsbuildinfo",
        "hashed_secret": "bd31fe6c2e4598ea60b1fd58864879df6b03dc02",
        "is_verified": false,
        "line_number": 1
      },
      {
        "type": "Hex High Entropy String",
        "filename": "App/frontend/tsconfig.tsbuildinfo",
        "hashed_secret": "bd5fe0b730c805eb956871fd158198c3cc3c5ea2",
        "is_verified": false,
        "line_number": 1
      },
      {
        "type": "Hex High Entropy String",
        "filename": "App/frontend/tsconfig.tsbuildinfo",
        "hashed_secret": "be1ba535e5c56e49f784344dc076f17793fa85ca",
        "is_verified": false,
        "line_number": 1
      },
      {
        "type": "Hex High Entropy String",
        "filename": "App/frontend/tsconfig.tsbuildinfo",
        "hashed_secret": "be361569c19fbe05f78fb08d0f092bf59e968d61",
        "is_verified": false,
        "line_number": 1
      },
      {
        "type": "Hex High Entropy String",
        "filename": "App/frontend/tsconfig.tsbuildinfo",
        "hashed_secret": "becc6e4060d63f2f08587024f1946680f7df095b",
        "is_verified": false,
        "line_number": 1
      },
      {
        "type": "Hex High Entropy String",
        "filename": "App/frontend/tsconfig.tsbuildinfo",
        "hashed_secret": "bef0ab4d7af5e4ab73f763916cde1b23b15639a4",
        "is_verified": false,
        "line_number": 1
      },
      {
        "type": "Hex High Entropy String",
        "filename": "App/frontend/tsconfig.tsbuildinfo",
        "hashed_secret": "bf7e31c700d9cd0c349940397ede6870132a606e",
        "is_verified": false,
        "line_number": 1
      },
      {
        "type": "Hex High Entropy String",
        "filename": "App/frontend/tsconfig.tsbuildinfo",
        "hashed_secret": "bfa81f0969d10297d66f442324c4ab06a60ad09c",
        "is_verified": false,
        "line_number": 1
      },
      {
        "type": "Hex High Entropy String",
        "filename": "App/frontend/tsconfig.tsbuildinfo",
        "hashed_secret": "c00b6177b7330610f62a2cafa23bff6e442441fb",
        "is_verified": false,
        "line_number": 1
      },
      {
        "type": "Hex High Entropy String",
        "filename": "App/frontend/tsconfig.tsbuildinfo",
        "hashed_secret": "c14054da2ad869575516f46fd4696019333c325c",
        "is_verified": false,
        "line_number": 1
      },
      {
        "type": "Hex High Entropy String",
        "filename": "App/frontend/tsconfig.tsbuildinfo",
        "hashed_secret": "c3de1a38a8b13587d5fdb59a8fd71b52408493af",
        "is_verified": false,
        "line_number": 1
      },
      {
        "type": "Hex High Entropy String",
        "filename": "App/frontend/tsconfig.tsbuildinfo",
        "hashed_secret": "c644b953b623d43ff0072cb34b8088c33ad70ea4",
        "is_verified": false,
        "line_number": 1
      },
      {
        "type": "Hex High Entropy String",
        "filename": "App/frontend/tsconfig.tsbuildinfo",
        "hashed_secret": "c6b86790a9c48fb174b85924e8bb1186fd6f22b6",
        "is_verified": false,
        "line_number": 1
      },
      {
        "type": "Hex High Entropy String",
        "filename": "App/frontend/tsconfig.tsbuildinfo",
        "hashed_secret": "c8a63dc4102a0db3099a92dedc208f7001ac50af",
        "is_verified": false,
        "line_number": 1
      },
      {
        "type": "Hex High Entropy String",
        "filename": "App/frontend/tsconfig.tsbuildinfo",
        "hashed_secret": "c966cb8c2e59728f256c800c7c2b166342a53992",
        "is_verified": false,
        "line_number": 1
      },
      {
        "type": "Hex High Entropy String",
        "filename": "App/frontend/tsconfig.tsbuildinfo",
        "hashed_secret": "cb222c8c4bb1ca24ec8e2e5fbaa8f602b87a1b2f",
        "is_verified": false,
        "line_number": 1
      },
      {
        "type": "Hex High Entropy String",
        "filename": "App/frontend/tsconfig.tsbuildinfo",
        "hashed_secret": "cb9be6a943aae66a85fac743579d70a8096c16fc",
        "is_verified": false,
        "line_number": 1
      },
      {
        "type": "Hex High Entropy String",
        "filename": "App/frontend/tsconfig.tsbuildinfo",
        "hashed_secret": "cc168c3e9f90c0982a8fb0e1a9c3fc0fee05fe50",
        "is_verified": false,
        "line_number": 1
      },
      {
        "type": "Hex High Entropy String",
        "filename": "App/frontend/tsconfig.tsbuildinfo",
        "hashed_secret": "cd0ee117594e4d7c5e133b152338e8ae6f2558f3",
        "is_verified": false,
        "line_number": 1
      },
      {
        "type": "Hex High Entropy String",
        "filename": "App/frontend/tsconfig.tsbuildinfo",
        "hashed_secret": "cd7a49238d087687ff9ae9c59b6bb5c43b55bf9a",
        "is_verified": false,
        "line_number": 1
      },
      {
        "type": "Hex High Entropy String",
        "filename": "App/frontend/tsconfig.tsbuildinfo",
        "hashed_secret": "cdd516a3aea27d06771ddfbc54361f43cd5460fa",
        "is_verified": false,
        "line_number": 1
      },
      {
        "type": "Hex High Entropy String",
        "filename": "App/frontend/tsconfig.tsbuildinfo",
        "hashed_secret": "cddc0abb57a5c3371d778e079564d898e0fe9d58",
        "is_verified": false,
        "line_number": 1
      },
      {
        "type": "Hex High Entropy String",
        "filename": "App/frontend/tsconfig.tsbuildinfo",
        "hashed_secret": "ce1e224e84052a2230bf359ba4196770dba765c1",
        "is_verified": false,
        "line_number": 1
      },
      {
        "type": "Hex High Entropy String",
        "filename": "App/frontend/tsconfig.tsbuildinfo",
        "hashed_secret": "cf5e01090d6f372bc342f420d666ee240c7ee46d",
        "is_verified": false,
        "line_number": 1
      },
      {
        "type": "Hex High Entropy String",
        "filename": "App/frontend/tsconfig.tsbuildinfo",
        "hashed_secret": "cf97fa2e79d004cd958a3712c7541fc48eb078f7",
        "is_verified": false,
        "line_number": 1
      },
      {
        "type": "Hex High Entropy String",
        "filename": "App/frontend/tsconfig.tsbuildinfo",
        "hashed_secret": "d0265a3a03fd321a82353b08fc6be0490f0896e9",
        "is_verified": false,
        "line_number": 1
      },
      {
        "type": "Hex High Entropy String",
        "filename": "App/frontend/tsconfig.tsbuildinfo",
        "hashed_secret": "d04f06b9d8a38c07d7ec5038f05ac78d1fc3d51e",
        "is_verified": false,
        "line_number": 1
      },
      {
        "type": "Hex High Entropy String",
        "filename": "App/frontend/tsconfig.tsbuildinfo",
        "hashed_secret": "d114c3dc2c272320f927fbce9edb763894687db6",
        "is_verified": false,
        "line_number": 1
      },
      {
        "type": "Hex High Entropy String",
        "filename": "App/frontend/tsconfig.tsbuildinfo",
        "hashed_secret": "d1448b73a6dae41ad0148c682d1556a4bb382f8f",
        "is_verified": false,
        "line_number": 1
      },
      {
        "type": "Hex High Entropy String",
        "filename": "App/frontend/tsconfig.tsbuildinfo",
        "hashed_secret": "d19c3d716120813762a254acf57d1673f1659442",
        "is_verified": false,
        "line_number": 1
      },
      {
        "type": "Hex High Entropy String",
        "filename": "App/frontend/tsconfig.tsbuildinfo",
        "hashed_secret": "d295dafd6b197aefba83790dcf2b9a4d932b0d16",
        "is_verified": false,
        "line_number": 1
      },
      {
        "type": "Hex High Entropy String",
        "filename": "App/frontend/tsconfig.tsbuildinfo",
        "hashed_secret": "d2f9691a8bdca2a0ba71e6fcf9c049ba1ea450d2",
        "is_verified": false,
        "line_number": 1
      },
      {
        "type": "Hex High Entropy String",
        "filename": "App/frontend/tsconfig.tsbuildinfo",
        "hashed_secret": "d4033afd5644d8cf11cced236c8fdd226b29527f",
        "is_verified": false,
        "line_number": 1
      },
      {
        "type": "Hex High Entropy String",
        "filename": "App/frontend/tsconfig.tsbuildinfo",
        "hashed_secret": "d4372a499e9cf2aa6dd779c46bc81e06024aa097",
        "is_verified": false,
        "line_number": 1
      },
      {
        "type": "Hex High Entropy String",
        "filename": "App/frontend/tsconfig.tsbuildinfo",
        "hashed_secret": "d4889798017fe580c25373c63b9cf135873d1d92",
        "is_verified": false,
        "line_number": 1
      },
      {
        "type": "Hex High Entropy String",
        "filename": "App/frontend/tsconfig.tsbuildinfo",
        "hashed_secret": "d4d995422f4bb0a86f1b42b2091d1174c1d4222a",
        "is_verified": false,
        "line_number": 1
      },
      {
        "type": "Hex High Entropy String",
        "filename": "App/frontend/tsconfig.tsbuildinfo",
        "hashed_secret": "d5814999f9372f140e3ffd695fa24e67a690e978",
        "is_verified": false,
        "line_number": 1
      },
      {
        "type": "Hex High Entropy String",
        "filename": "App/frontend/tsconfig.tsbuildinfo",
        "hashed_secret": "d677101dd59c9c6a7c12a56dd77f385c30a83fc1",
        "is_verified": false,
        "line_number": 1
      },
      {
        "type": "Hex High Entropy String",
        "filename": "App/frontend/tsconfig.tsbuildinfo",
        "hashed_secret": "d79c79387a25547c8f9054a9a4d22781100c78b3",
        "is_verified": false,
        "line_number": 1
      },
      {
        "type": "Hex High Entropy String",
        "filename": "App/frontend/tsconfig.tsbuildinfo",
        "hashed_secret": "d87331c7118363a59bef98b10dfb97f653464a0f",
        "is_verified": false,
        "line_number": 1
      },
      {
        "type": "Hex High Entropy String",
        "filename": "App/frontend/tsconfig.tsbuildinfo",
        "hashed_secret": "d88625588f59896c79a8dc269784c43766e076cb",
        "is_verified": false,
        "line_number": 1
      },
      {
        "type": "Hex High Entropy String",
        "filename": "App/frontend/tsconfig.tsbuildinfo",
        "hashed_secret": "d901fa2d394e095c28f1f97cfd71761d2c420894",
        "is_verified": false,
        "line_number": 1
      },
      {
        "type": "Hex High Entropy String",
        "filename": "App/frontend/tsconfig.tsbuildinfo",
        "hashed_secret": "d94585205a228beee6fd986776d6006b72f21219",
        "is_verified": false,
        "line_number": 1
      },
      {
        "type": "Hex High Entropy String",
        "filename": "App/frontend/tsconfig.tsbuildinfo",
        "hashed_secret": "d972129f92278b512ed8b104b17ffe86976da4b8",
        "is_verified": false,
        "line_number": 1
      },
      {
        "type": "Hex High Entropy String",
        "filename": "App/frontend/tsconfig.tsbuildinfo",
        "hashed_secret": "d97c4bab77931b27c52e56de0fb0562d360e5a0e",
        "is_verified": false,
        "line_number": 1
      },
      {
        "type": "Hex High Entropy String",
        "filename": "App/frontend/tsconfig.tsbuildinfo",
        "hashed_secret": "db11af4583690449b028add622762412ab3b7e10",
        "is_verified": false,
        "line_number": 1
      },
      {
        "type": "Hex High Entropy String",
        "filename": "App/frontend/tsconfig.tsbuildinfo",
        "hashed_secret": "db586ec805556953e60d579ec9273363fffd0800",
        "is_verified": false,
        "line_number": 1
      },
      {
        "type": "Hex High Entropy String",
        "filename": "App/frontend/tsconfig.tsbuildinfo",
        "hashed_secret": "dc118ce9785a6459a646bbd9c1e86be619a91eaa",
        "is_verified": false,
        "line_number": 1
      },
      {
        "type": "Hex High Entropy String",
        "filename": "App/frontend/tsconfig.tsbuildinfo",
        "hashed_secret": "ddcbc86f5a1c42154a0ff7e32eca3554fee403de",
        "is_verified": false,
        "line_number": 1
      },
      {
        "type": "Hex High Entropy String",
        "filename": "App/frontend/tsconfig.tsbuildinfo",
        "hashed_secret": "de00bbc30666ea88c8f9ba6e090a94357dc4b5da",
        "is_verified": false,
        "line_number": 1
      },
      {
        "type": "Hex High Entropy String",
        "filename": "App/frontend/tsconfig.tsbuildinfo",
        "hashed_secret": "dee7d16ac5d3ba06505ca7c5a03ccf09cb85ec56",
        "is_verified": false,
        "line_number": 1
      },
      {
        "type": "Hex High Entropy String",
        "filename": "App/frontend/tsconfig.tsbuildinfo",
        "hashed_secret": "df592911e48c207e114bdc1e865b07288e1079fc",
        "is_verified": false,
        "line_number": 1
      },
      {
        "type": "Hex High Entropy String",
        "filename": "App/frontend/tsconfig.tsbuildinfo",
        "hashed_secret": "e057eab635ee78cc9dda0bbc74957aa3d1689ba1",
        "is_verified": false,
        "line_number": 1
      },
      {
        "type": "Hex High Entropy String",
        "filename": "App/frontend/tsconfig.tsbuildinfo",
        "hashed_secret": "e07318265bac1618f77e6f7727b02a365f695c5f",
        "is_verified": false,
        "line_number": 1
      },
      {
        "type": "Hex High Entropy String",
        "filename": "App/frontend/tsconfig.tsbuildinfo",
        "hashed_secret": "e28aef005277a02737848a9d270736eacbdfbb83",
        "is_verified": false,
        "line_number": 1
      },
      {
        "type": "Hex High Entropy String",
        "filename": "App/frontend/tsconfig.tsbuildinfo",
        "hashed_secret": "e30f5ea107f64ded03ce652b389a76432f33eb64",
        "is_verified": false,
        "line_number": 1
      },
      {
        "type": "Hex High Entropy String",
        "filename": "App/frontend/tsconfig.tsbuildinfo",
        "hashed_secret": "e4cae8f2a8949958258aa86506944a4ffb0be3e4",
        "is_verified": false,
        "line_number": 1
      },
      {
        "type": "Hex High Entropy String",
        "filename": "App/frontend/tsconfig.tsbuildinfo",
        "hashed_secret": "e5f7747fefd9a74fe989d3da843ca855429e31c9",
        "is_verified": false,
        "line_number": 1
      },
      {
        "type": "Hex High Entropy String",
        "filename": "App/frontend/tsconfig.tsbuildinfo",
        "hashed_secret": "e65fe41d2abfbe9764b3437493bd5db4c5a8a870",
        "is_verified": false,
        "line_number": 1
      },
      {
        "type": "Hex High Entropy String",
        "filename": "App/frontend/tsconfig.tsbuildinfo",
        "hashed_secret": "e78c984de21d1dcdb1aced253eab84ff98d2f01d",
        "is_verified": false,
        "line_number": 1
      },
      {
        "type": "Hex High Entropy String",
        "filename": "App/frontend/tsconfig.tsbuildinfo",
        "hashed_secret": "e80366d275d375a3e50d681e7faf5f0df9f8a075",
        "is_verified": false,
        "line_number": 1
      },
      {
        "type": "Hex High Entropy String",
        "filename": "App/frontend/tsconfig.tsbuildinfo",
        "hashed_secret": "e8f922c5f3ca4cd9f0b04ba98894adbed4a199c6",
        "is_verified": false,
        "line_number": 1
      },
      {
        "type": "Hex High Entropy String",
        "filename": "App/frontend/tsconfig.tsbuildinfo",
        "hashed_secret": "e90acfb468727532420c26132488c52bd247a5c2",
        "is_verified": false,
        "line_number": 1
      },
      {
        "type": "Hex High Entropy String",
        "filename": "App/frontend/tsconfig.tsbuildinfo",
        "hashed_secret": "e91cdf1e4e211fef89450d96aaa8334978cee570",
        "is_verified": false,
        "line_number": 1
      },
      {
        "type": "Hex High Entropy String",
        "filename": "App/frontend/tsconfig.tsbuildinfo",
        "hashed_secret": "ea53126f50cef81d733360a1229f9fdac6bab8d4",
        "is_verified": false,
        "line_number": 1
      },
      {
        "type": "Hex High Entropy String",
        "filename": "App/frontend/tsconfig.tsbuildinfo",
        "hashed_secret": "ea7e8f8c4c50b389fe866c5df2aa77acac9ef5ed",
        "is_verified": false,
        "line_number": 1
      },
      {
        "type": "Hex High Entropy String",
        "filename": "App/frontend/tsconfig.tsbuildinfo",
        "hashed_secret": "eaa1239c9e76be7c58cd669221a8c81e4fe4692a",
        "is_verified": false,
        "line_number": 1
      },
      {
        "type": "Hex High Entropy String",
        "filename": "App/frontend/tsconfig.tsbuildinfo",
        "hashed_secret": "eb39462d8e2e2ce350b182da227ce78988f9adc1",
        "is_verified": false,
        "line_number": 1
      },
      {
        "type": "Hex High Entropy String",
        "filename": "App/frontend/tsconfig.tsbuildinfo",
        "hashed_secret": "ebce46f2419628b02b10925b0fb55248f6ae6b3a",
        "is_verified": false,
        "line_number": 1
      },
      {
        "type": "Hex High Entropy String",
        "filename": "App/frontend/tsconfig.tsbuildinfo",
        "hashed_secret": "edfc3d93e1f10ee22b92ff224915a27e0dd35c5c",
        "is_verified": false,
        "line_number": 1
      },
      {
        "type": "Hex High Entropy String",
        "filename": "App/frontend/tsconfig.tsbuildinfo",
        "hashed_secret": "ee66ec6c830dc7f4a042a1e5d5657d703fe62923",
        "is_verified": false,
        "line_number": 1
      },
      {
        "type": "Hex High Entropy String",
        "filename": "App/frontend/tsconfig.tsbuildinfo",
        "hashed_secret": "eee62837bd14f8970479882a976ab5092a1ea957",
        "is_verified": false,
        "line_number": 1
      },
      {
        "type": "Hex High Entropy String",
        "filename": "App/frontend/tsconfig.tsbuildinfo",
        "hashed_secret": "efe9a3603d460d03691de08753722c5d2165ee32",
        "is_verified": false,
        "line_number": 1
      },
      {
        "type": "Hex High Entropy String",
        "filename": "App/frontend/tsconfig.tsbuildinfo",
        "hashed_secret": "f0aff2f9c2979e8b938071a69a8f5702c5f0c0a5",
        "is_verified": false,
        "line_number": 1
      },
      {
        "type": "Hex High Entropy String",
        "filename": "App/frontend/tsconfig.tsbuildinfo",
        "hashed_secret": "f0c3ba591209fa7c454102278570e105c33cc5ea",
        "is_verified": false,
        "line_number": 1
      },
      {
        "type": "Hex High Entropy String",
        "filename": "App/frontend/tsconfig.tsbuildinfo",
        "hashed_secret": "f0f5356201dc0fa7df72cced1e1d6b3d1eb4a5be",
        "is_verified": false,
        "line_number": 1
      },
      {
        "type": "Hex High Entropy String",
        "filename": "App/frontend/tsconfig.tsbuildinfo",
        "hashed_secret": "f1d6dcd489b9ceb017270d82e4e9033b86757f6a",
        "is_verified": false,
        "line_number": 1
      },
      {
        "type": "Hex High Entropy String",
        "filename": "App/frontend/tsconfig.tsbuildinfo",
        "hashed_secret": "f25974deda69860f83e63f69af936dd42f54449c",
        "is_verified": false,
        "line_number": 1
      },
      {
        "type": "Hex High Entropy String",
        "filename": "App/frontend/tsconfig.tsbuildinfo",
        "hashed_secret": "f50289aac67acd61f192edf7032cf31a136f1964",
        "is_verified": false,
        "line_number": 1
      },
      {
        "type": "Hex High Entropy String",
        "filename": "App/frontend/tsconfig.tsbuildinfo",
        "hashed_secret": "f60f8f83d565da433ce4c8f6a8c23e76d9d1ccc7",
        "is_verified": false,
        "line_number": 1
      },
      {
        "type": "Hex High Entropy String",
        "filename": "App/frontend/tsconfig.tsbuildinfo",
        "hashed_secret": "f74e021081b5a0e92edcb45b71475d9f50e71596",
        "is_verified": false,
        "line_number": 1
      },
      {
        "type": "Hex High Entropy String",
        "filename": "App/frontend/tsconfig.tsbuildinfo",
        "hashed_secret": "f7a628586ff43a4d8aeb0b72055f0a99b99d0da0",
        "is_verified": false,
        "line_number": 1
      },
      {
        "type": "Hex High Entropy String",
        "filename": "App/frontend/tsconfig.tsbuildinfo",
        "hashed_secret": "f7bb8fc2488c9e2edac2e7bbec8d79406737da44",
        "is_verified": false,
        "line_number": 1
      },
      {
        "type": "Hex High Entropy String",
        "filename": "App/frontend/tsconfig.tsbuildinfo",
        "hashed_secret": "f7ceb0b80b2730c319bf9f6924447ef593b6be91",
        "is_verified": false,
        "line_number": 1
      },
      {
        "type": "Hex High Entropy String",
        "filename": "App/frontend/tsconfig.tsbuildinfo",
        "hashed_secret": "f8355330019453c99d6ca98fbca2312e27dc201f",
        "is_verified": false,
        "line_number": 1
      },
      {
        "type": "Hex High Entropy String",
        "filename": "App/frontend/tsconfig.tsbuildinfo",
        "hashed_secret": "fbc4d07d1bb875f22a58f3fe164c159a5425474b",
        "is_verified": false,
        "line_number": 1
      },
      {
        "type": "Hex High Entropy String",
        "filename": "App/frontend/tsconfig.tsbuildinfo",
        "hashed_secret": "fe11c47ddb92a6185ab1f36d40f4ac1733427a8a",
        "is_verified": false,
        "line_number": 1
      },
      {
        "type": "Hex High Entropy String",
        "filename": "App/frontend/tsconfig.tsbuildinfo",
        "hashed_secret": "fe3660dedbb9f4910da301b2564da14ba72e632a",
        "is_verified": false,
        "line_number": 1
      },
      {
        "type": "Hex High Entropy String",
        "filename": "App/frontend/tsconfig.tsbuildinfo",
        "hashed_secret": "fef78b73a58154ca75a06043798a7df847f7bab7",
        "is_verified": false,
        "line_number": 1
      },
      {
        "type": "Hex High Entropy String",
        "filename": "App/frontend/tsconfig.tsbuildinfo",
        "hashed_secret": "ff5ddd81d0261b33bd7414716ef6e2e6aceb5b55",
        "is_verified": false,
        "line_number": 1
      },
      {
        "type": "Hex High Entropy String",
        "filename": "App/frontend/tsconfig.tsbuildinfo",
        "hashed_secret": "ff74c608c69a7a69ce5f3a8759667c0d82e62718",
        "is_verified": false,
        "line_number": 1
      },
      {
        "type": "Hex High Entropy String",
        "filename": "App/frontend/tsconfig.tsbuildinfo",
        "hashed_secret": "ff9968b9c9430851ddebfce4256ec252ad9b6aa5",
        "is_verified": false,
        "line_number": 1
      },
      {
        "type": "Hex High Entropy String",
        "filename": "App/frontend/tsconfig.tsbuildinfo",
        "hashed_secret": "ffede682b8747d0c10811565e3ade1b6654f569c",
        "is_verified": false,
        "line_number": 1
      }
    ],
    "MobileApp/ura_chatbot/.metadata": [
      {
        "type": "Hex High Entropy String",
        "filename": "MobileApp/ura_chatbot/.metadata",
        "hashed_secret": "79700d868af3d29ea5fcd6a66a1ccf9adad8932d",
        "is_verified": false,
        "line_number": 7
      }
    ],
    "MobileApp/ura_chatbot/ios/Runner.xcodeproj/xcshareddata/xcschemes/Runner.xcscheme": [
      {
        "type": "Hex High Entropy String",
        "filename": "MobileApp/ura_chatbot/ios/Runner.xcodeproj/xcshareddata/xcschemes/Runner.xcscheme",
        "hashed_secret": "2b423f610b8fbcbec67aa344b423212b034d7a9d",
        "is_verified": false,
        "line_number": 17
      },
      {
        "type": "Hex High Entropy String",
        "filename": "MobileApp/ura_chatbot/ios/Runner.xcodeproj/xcshareddata/xcschemes/Runner.xcscheme",
        "hashed_secret": "1dafb929f50242c553cb0555c2ea755b85516e69",
        "is_verified": false,
        "line_number": 46
      }
    ],
    "MobileApp/ura_chatbot/macos/Runner.xcodeproj/xcshareddata/xcschemes/Runner.xcscheme": [
      {
        "type": "Hex High Entropy String",
        "filename": "MobileApp/ura_chatbot/macos/Runner.xcodeproj/xcshareddata/xcschemes/Runner.xcscheme",
        "hashed_secret": "6d752e6f6971f2eb8bed637eef89a39eca0b638b",
        "is_verified": false,
        "line_number": 45
      }
    ]
  },
  "generated_at": "2026-08-20T19:43:53Z"
}
